main.c:63:6:HAL_I2C_AddrCallback	16	static
main.c:83:6:HAL_I2C_SlaveRxCpltCallback	16	static,ignoring_inline_asm
main.c:107:6:HAL_I2C_SlaveTxCpltCallback	16	static
main.c:114:6:HAL_I2C_ListenCpltCallback	16	static
main.c:120:6:HAL_I2C_ErrorCallback	16	static,ignoring_inline_asm
main.c:136:5:main	8	static,ignoring_inline_asm
main.c:192:6:SystemClock_Config	104	static
main.c:244:13:MX_I2C1_Init	8	static
main.c:278:13:MX_I2S3_Init	8	static
main.c:312:13:MX_SPI1_Init	8	static
main.c:350:13:MX_GPIO_Init	56	static
main.c:450:6:Error_Handler	4	static,ignoring_inline_asm
