main.c:63:6:HAL_I2C_AddrCallback	16	static
main.c:83:6:HAL_I2C_SlaveRxCpltCallback	16	static,ignoring_inline_asm
main.c:101:6:HAL_I2C_SlaveTxCpltCallback	16	static
main.c:108:6:HAL_I2C_ListenCpltCallback	16	static
main.c:114:6:HAL_I2C_ErrorCallback	16	static,ignoring_inline_asm
main.c:130:5:main	8	static,ignoring_inline_asm
main.c:186:6:SystemClock_Config	104	static
main.c:238:13:MX_I2C1_Init	8	static
main.c:272:13:MX_I2S3_Init	8	static
main.c:306:13:MX_SPI1_Init	8	static
main.c:344:13:MX_GPIO_Init	56	static
main.c:444:6:Error_Handler	4	static,ignoring_inline_asm
