Archive member included to satisfy reference by file (symbol)

c:/st/stm32cubeide_1.5.1/stm32cubeide/plugins/com.st.stm32cube.ide.mcu.externaltools.gnu-tools-for-stm32.7-2018-q2-update.win32_1.5.0.202011040924/tools/bin/../lib/gcc/arm-none-eabi/7.3.1/../../../../arm-none-eabi/lib/thumb/v7e-m/fpv4-sp/hard\libc_nano.a(lib_a-errno.o)
                              Core/Src/syscalls.o (__errno)
c:/st/stm32cubeide_1.5.1/stm32cubeide/plugins/com.st.stm32cube.ide.mcu.externaltools.gnu-tools-for-stm32.7-2018-q2-update.win32_1.5.0.202011040924/tools/bin/../lib/gcc/arm-none-eabi/7.3.1/../../../../arm-none-eabi/lib/thumb/v7e-m/fpv4-sp/hard\libc_nano.a(lib_a-exit.o)
                              c:/st/stm32cubeide_1.5.1/stm32cubeide/plugins/com.st.stm32cube.ide.mcu.externaltools.gnu-tools-for-stm32.7-2018-q2-update.win32_1.5.0.202011040924/tools/bin/../lib/gcc/arm-none-eabi/7.3.1/../../../../arm-none-eabi/lib/thumb/v7e-m/fpv4-sp/hard/crt0.o (exit)
c:/st/stm32cubeide_1.5.1/stm32cubeide/plugins/com.st.stm32cube.ide.mcu.externaltools.gnu-tools-for-stm32.7-2018-q2-update.win32_1.5.0.202011040924/tools/bin/../lib/gcc/arm-none-eabi/7.3.1/../../../../arm-none-eabi/lib/thumb/v7e-m/fpv4-sp/hard\libc_nano.a(lib_a-impure.o)
                              c:/st/stm32cubeide_1.5.1/stm32cubeide/plugins/com.st.stm32cube.ide.mcu.externaltools.gnu-tools-for-stm32.7-2018-q2-update.win32_1.5.0.202011040924/tools/bin/../lib/gcc/arm-none-eabi/7.3.1/../../../../arm-none-eabi/lib/thumb/v7e-m/fpv4-sp/hard\libc_nano.a(lib_a-exit.o) (_global_impure_ptr)
c:/st/stm32cubeide_1.5.1/stm32cubeide/plugins/com.st.stm32cube.ide.mcu.externaltools.gnu-tools-for-stm32.7-2018-q2-update.win32_1.5.0.202011040924/tools/bin/../lib/gcc/arm-none-eabi/7.3.1/../../../../arm-none-eabi/lib/thumb/v7e-m/fpv4-sp/hard\libc_nano.a(lib_a-init.o)
                              c:/st/stm32cubeide_1.5.1/stm32cubeide/plugins/com.st.stm32cube.ide.mcu.externaltools.gnu-tools-for-stm32.7-2018-q2-update.win32_1.5.0.202011040924/tools/bin/../lib/gcc/arm-none-eabi/7.3.1/../../../../arm-none-eabi/lib/thumb/v7e-m/fpv4-sp/hard/crt0.o (__libc_init_array)
c:/st/stm32cubeide_1.5.1/stm32cubeide/plugins/com.st.stm32cube.ide.mcu.externaltools.gnu-tools-for-stm32.7-2018-q2-update.win32_1.5.0.202011040924/tools/bin/../lib/gcc/arm-none-eabi/7.3.1/../../../../arm-none-eabi/lib/thumb/v7e-m/fpv4-sp/hard\libc_nano.a(lib_a-malloc.o)
                              Middlewares/ST/STM32_USB_Host_Library/Class/CDC/Src/usbh_cdc.o (malloc)
c:/st/stm32cubeide_1.5.1/stm32cubeide/plugins/com.st.stm32cube.ide.mcu.externaltools.gnu-tools-for-stm32.7-2018-q2-update.win32_1.5.0.202011040924/tools/bin/../lib/gcc/arm-none-eabi/7.3.1/../../../../arm-none-eabi/lib/thumb/v7e-m/fpv4-sp/hard\libc_nano.a(lib_a-memset.o)
                              c:/st/stm32cubeide_1.5.1/stm32cubeide/plugins/com.st.stm32cube.ide.mcu.externaltools.gnu-tools-for-stm32.7-2018-q2-update.win32_1.5.0.202011040924/tools/bin/../lib/gcc/arm-none-eabi/7.3.1/../../../../arm-none-eabi/lib/thumb/v7e-m/fpv4-sp/hard/crt0.o (memset)
c:/st/stm32cubeide_1.5.1/stm32cubeide/plugins/com.st.stm32cube.ide.mcu.externaltools.gnu-tools-for-stm32.7-2018-q2-update.win32_1.5.0.202011040924/tools/bin/../lib/gcc/arm-none-eabi/7.3.1/../../../../arm-none-eabi/lib/thumb/v7e-m/fpv4-sp/hard\libc_nano.a(lib_a-nano-freer.o)
                              c:/st/stm32cubeide_1.5.1/stm32cubeide/plugins/com.st.stm32cube.ide.mcu.externaltools.gnu-tools-for-stm32.7-2018-q2-update.win32_1.5.0.202011040924/tools/bin/../lib/gcc/arm-none-eabi/7.3.1/../../../../arm-none-eabi/lib/thumb/v7e-m/fpv4-sp/hard\libc_nano.a(lib_a-malloc.o) (_free_r)
c:/st/stm32cubeide_1.5.1/stm32cubeide/plugins/com.st.stm32cube.ide.mcu.externaltools.gnu-tools-for-stm32.7-2018-q2-update.win32_1.5.0.202011040924/tools/bin/../lib/gcc/arm-none-eabi/7.3.1/../../../../arm-none-eabi/lib/thumb/v7e-m/fpv4-sp/hard\libc_nano.a(lib_a-nano-mallocr.o)
                              c:/st/stm32cubeide_1.5.1/stm32cubeide/plugins/com.st.stm32cube.ide.mcu.externaltools.gnu-tools-for-stm32.7-2018-q2-update.win32_1.5.0.202011040924/tools/bin/../lib/gcc/arm-none-eabi/7.3.1/../../../../arm-none-eabi/lib/thumb/v7e-m/fpv4-sp/hard\libc_nano.a(lib_a-malloc.o) (_malloc_r)
c:/st/stm32cubeide_1.5.1/stm32cubeide/plugins/com.st.stm32cube.ide.mcu.externaltools.gnu-tools-for-stm32.7-2018-q2-update.win32_1.5.0.202011040924/tools/bin/../lib/gcc/arm-none-eabi/7.3.1/../../../../arm-none-eabi/lib/thumb/v7e-m/fpv4-sp/hard\libc_nano.a(lib_a-sbrkr.o)
                              c:/st/stm32cubeide_1.5.1/stm32cubeide/plugins/com.st.stm32cube.ide.mcu.externaltools.gnu-tools-for-stm32.7-2018-q2-update.win32_1.5.0.202011040924/tools/bin/../lib/gcc/arm-none-eabi/7.3.1/../../../../arm-none-eabi/lib/thumb/v7e-m/fpv4-sp/hard\libc_nano.a(lib_a-nano-mallocr.o) (_sbrk_r)
[...]
Memory Configuration

Name             Origin             Length             Attributes
CCMRAM           0x0000000010000000 0x0000000000010000 xrw
RAM              0x0000000020000000 0x0000000000020000 xrw
FLASH            0x0000000008000000 0x0000000000100000 xr
*default*        0x0000000000000000 0xffffffffffffffff

Linker script and memory map

LOAD c:/st/stm32cubeide_1.5.1/stm32cubeide/plugins/com.st.stm32cube.ide.mcu.externaltools.gnu-tools-for-stm32.7-2018-q2-update.win32_1.5.0.202011040924/tools/bin/../lib/gcc/arm-none-eabi/7.3.1/thumb/v7e-m/fpv4-sp/hard/crti.o
LOAD c:/st/stm32cubeide_1.5.1/stm32cubeide/plugins/com.st.stm32cube.ide.mcu.externaltools.gnu-tools-for-stm32.7-2018-q2-update.win32_1.5.0.202011040924/tools/bin/../lib/gcc/arm-none-eabi/7.3.1/thumb/v7e-m/fpv4-sp/hard/crtbegin.o
LOAD c:/st/stm32cubeide_1.5.1/stm32cubeide/plugins/com.st.stm32cube.ide.mcu.externaltools.gnu-tools-for-stm32.7-2018-q2-update.win32_1.5.0.202011040924/tools/bin/../lib/gcc/arm-none-eabi/7.3.1/../../../../arm-none-eabi/lib/thumb/v7e-m/fpv4-sp/hard/crt0.o
LOAD Core/Src/main.o
LOAD Core/Src/stm32f4xx_hal_msp.o
LOAD Core/Src/stm32f4xx_it.o
LOAD Core/Src/syscalls.o
LOAD Core/Src/sysmem.o
LOAD Core/Src/system_stm32f4xx.o
LOAD Core/Startup/startup_stm32f407vgtx.o
LOAD Drivers/STM32F4xx_HAL_Driver/Src/stm32f4xx_hal.o
LOAD Drivers/STM32F4xx_HAL_Driver/Src/stm32f4xx_hal_cortex.o
LOAD Drivers/STM32F4xx_HAL_Driver/Src/stm32f4xx_hal_dma.o
LOAD Drivers/STM32F4xx_HAL_Driver/Src/stm32f4xx_hal_dma_ex.o
LOAD Drivers/STM32F4xx_HAL_Driver/Src/stm32f4xx_hal_exti.o
LOAD Drivers/STM32F4xx_HAL_Driver/Src/stm32f4xx_hal_flash.o
LOAD Drivers/STM32F4xx_HAL_Driver/Src/stm32f4xx_hal_flash_ex.o
LOAD Drivers/STM32F4xx_HAL_Driver/Src/stm32f4xx_hal_flash_ramfunc.o
LOAD Drivers/STM32F4xx_HAL_Driver/Src/stm32f4xx_hal_gpio.o
LOAD Drivers/STM32F4xx_HAL_Driver/Src/stm32f4xx_hal_hcd.o
LOAD Drivers/STM32F4xx_HAL_Driver/Src/stm32f4xx_hal_i2c.o
LOAD Drivers/STM32F4xx_HAL_Driver/Src/stm32f4xx_hal_i2c_ex.o
LOAD Drivers/STM32F4xx_HAL_Driver/Src/stm32f4xx_hal_i2s.o
LOAD Drivers/STM32F4xx_HAL_Driver/Src/stm32f4xx_hal_i2s_ex.o
LOAD Drivers/STM32F4xx_HAL_Driver/Src/stm32f4xx_hal_pwr.o
LOAD Drivers/STM32F4xx_HAL_Driver/Src/stm32f4xx_hal_pwr_ex.o
LOAD Drivers/STM32F4xx_HAL_Driver/Src/stm32f4xx_hal_rcc.o
LOAD Drivers/STM32F4xx_HAL_Driver/Src/stm32f4xx_hal_rcc_ex.o
LOAD Drivers/STM32F4xx_HAL_Driver/Src/stm32f4xx_hal_spi.o
LOAD Drivers/STM32F4xx_HAL_Driver/Src/stm32f4xx_hal_tim.o
LOAD Drivers/STM32F4xx_HAL_Driver/Src/stm32f4xx_hal_tim_ex.o
LOAD Drivers/STM32F4xx_HAL_Driver/Src/stm32f4xx_ll_usb.o
LOAD Middlewares/ST/STM32_USB_Host_Library/Class/CDC/Src/usbh_cdc.o
LOAD Middlewares/ST/STM32_USB_Host_Library/Core/Src/usbh_core.o
LOAD Middlewares/ST/STM32_USB_Host_Library/Core/Src/usbh_ctlreq.o
LOAD Middlewares/ST/STM32_USB_Host_Library/Core/Src/usbh_ioreq.o
LOAD Middlewares/ST/STM32_USB_Host_Library/Core/Src/usbh_pipes.o
LOAD USB_HOST/App/usb_host.o
LOAD USB_HOST/Target/usbh_conf.o
LOAD USB_HOST/Target/usbh_platform.o
START GROUP
LOAD c:/st/stm32cubeide_1.5.1/stm32cubeide/plugins/com.st.stm32cube.ide.mcu.externaltools.gnu-tools-for-stm32.7-2018-q2-update.win32_1.5.0.202011040924/tools/bin/../lib/gcc/arm-none-eabi/7.3.1/../../../../arm-none-eabi/lib/thumb/v7e-m/fpv4-sp/hard\libc_nano.a
LOAD c:/st/stm32cubeide_1.5.1/stm32cubeide/plugins/com.st.stm32cube.ide.mcu.externaltools.gnu-tools-for-stm32.7-2018-q2-update.win32_1.5.0.202011040924/tools/bin/../lib/gcc/arm-none-eabi/7.3.1/../../../../arm-none-eabi/lib/thumb/v7e-m/fpv4-sp/hard\libm.a
END GROUP
START GROUP
LOAD c:/st/stm32cubeide_1.5.1/stm32cubeide/plugins/com.st.stm32cube.ide.mcu.externaltools.gnu-tools-for-stm32.7-2018-q2-update.win32_1.5.0.202011040924/tools/bin/../lib/gcc/arm-none-eabi/7.3.1/thumb/v7e-m/fpv4-sp/hard\libgcc.a
LOAD c:/st/stm32cubeide_1.5.1/stm32cubeide/plugins/com.st.stm32cube.ide.mcu.externaltools.gnu-tools-for-stm32.7-2018-q2-update.win32_1.5.0.202011040924/tools/bin/../lib/gcc/arm-none-eabi/7.3.1/../../../../arm-none-eabi/lib/thumb/v7e-m/fpv4-sp/hard\libc_nano.a
END GROUP
START GROUP
LOAD c:/st/stm32cubeide_1.5.1/stm32cubeide/plugins/com.st.stm32cube.ide.mcu.externaltools.gnu-tools-for-stm32.7-2018-q2-update.win32_1.5.0.202011040924/tools/bin/../lib/gcc/arm-none-eabi/7.3.1/thumb/v7e-m/fpv4-sp/hard\libgcc.a
LOAD c:/st/stm32cubeide_1.5.1/stm32cubeide/plugins/com.st.stm32cube.ide.mcu.externaltools.gnu-tools-for-stm32.7-2018-q2-update.win32_1.5.0.202011040924/tools/bin/../lib/gcc/arm-none-eabi/7.3.1/../../../../arm-none-eabi/lib/thumb/v7e-m/fpv4-sp/hard\libc_nano.a
LOAD c:/st/stm32cubeide_1.5.1/stm32cubeide/plugins/com.st.stm32cube.ide.mcu.externaltools.gnu-tools-for-stm32.7-2018-q2-update.win32_1.5.0.202011040924/tools/bin/../lib/gcc/arm-none-eabi/7.3.1/../../../../arm-none-eabi/lib/thumb/v7e-m/fpv4-sp/hard\libnosys.a
END GROUP
START GROUP
LOAD c:/st/stm32cubeide_1.5.1/stm32cubeide/plugins/com.st.stm32cube.ide.mcu.externaltools.gnu-tools-for-stm32.7-2018-q2-update.win32_1.5.0.202011040924/tools/bin/../lib/gcc/arm-none-eabi/7.3.1/thumb/v7e-m/fpv4-sp/hard\libgcc.a
LOAD c:/st/stm32cubeide_1.5.1/stm32cubeide/plugins/com.st.stm32cube.ide.mcu.externaltools.gnu-tools-for-stm32.7-2018-q2-update.win32_1.5.0.202011040924/tools/bin/../lib/gcc/arm-none-eabi/7.3.1/../../../../arm-none-eabi/lib/thumb/v7e-m/fpv4-sp/hard\libc_nano.a
LOAD c:/st/stm32cubeide_1.5.1/stm32cubeide/plugins/com.st.stm32cube.ide.mcu.externaltools.gnu-tools-for-stm32.7-2018-q2-update.win32_1.5.0.202011040924/tools/bin/../lib/gcc/arm-none-eabi/7.3.1/../../../../arm-none-eabi/lib/thumb/v7e-m/fpv4-sp/hard\libnosys.a
END GROUP
LOAD c:/st/stm32cubeide_1.5.1/stm32cubeide/plugins/com.st.stm32cube.ide.mcu.externaltools.gnu-tools-for-stm32.7-2018-q2-update.win32_1.5.0.202011040924/tools/bin/../lib/gcc/arm-none-eabi/7.3.1/thumb/v7e-m/fpv4-sp/hard/crtend.o
LOAD c:/st/stm32cubeide_1.5.1/stm32cubeide/plugins/com.st.stm32cube.ide.mcu.externaltools.gnu-tools-for-stm32.7-2018-q2-update.win32_1.5.0.202011040924/tools/bin/../lib/gcc/arm-none-eabi/7.3.1/thumb/v7e-m/fpv4-sp/hard/crtn.o
                0x0000000020020000                _estack = (ORIGIN (RAM) + LENGTH (RAM))
                0x0000000000000200                _Min_Heap_Size = 0x200
                0x0000000000000400                _Min_Stack_Size = 0x400

.isr_vector     0x0000000008000000      0x188
                0x0000000008000000                . = ALIGN (0x4)
 *(.isr_vector)
 .isr_vector    0x0000000008000000      0x188 Core/Startup/startup_stm32f407vgtx.o
                0x0000000008000000                g_pfnVectors
                0x0000000008000188                . = ALIGN (0x4)

.text           0x0000000008000188     0x7910
                0x0000000008000188                . = ALIGN (0x4)
 *(.text)
 .text          0x0000000008000188       0x40 c:/st/stm32cubeide_1.5.1/stm32cubeide/plugins/com.st.stm32cube.ide.mcu.externaltools.gnu-tools-for-stm32.7-2018-q2-update.win32_1.5.0.202011040924/tools/bin/../lib/gcc/arm-none-eabi/7.3.1/thumb/v7e-m/fpv4-sp/hard/crtbegin.o
 .text          0x00000000080001c8       0x30 c:/st/stm32cubeide_1.5.1/stm32cubeide/plugins/com.st.stm32cube.ide.mcu.externaltools.gnu-tools-for-stm32.7-2018-q2-update.win32_1.5.0.202011040924/tools/bin/../lib/gcc/arm-none-eabi/7.3.1/thumb/v7e-m/fpv4-sp/hard\libgcc.a(_aeabi_uldivmod.o)
                0x00000000080001c8                __aeabi_uldivmod
 .text          0x00000000080001f8      0x2cc c:/st/stm32cubeide_1.5.1/stm32cubeide/plugins/com.st.stm32cube.ide.mcu.externaltools.gnu-tools-for-stm32.7-2018-q2-update.win32_1.5.0.202011040924/tools/bin/../lib/gcc/arm-none-eabi/7.3.1/thumb/v7e-m/fpv4-sp/hard\libgcc.a(_udivmoddi4.o)
                0x00000000080001f8                __udivmoddi4
 .text          0x00000000080004c4        0x4 c:/st/stm32cubeide_1.5.1/stm32cubeide/plugins/com.st.stm32cube.ide.mcu.externaltools.gnu-tools-for-stm32.7-2018-q2-update.win32_1.5.0.202011040924/tools/bin/../lib/gcc/arm-none-eabi/7.3.1/thumb/v7e-m/fpv4-sp/hard\libgcc.a(_dvmd_tls.o)
                0x00000000080004c4                __aeabi_idiv0
                0x00000000080004c4                __aeabi_ldiv0
 *(.text*)
 .text.main     0x00000000080004c8       0x5c Core/Src/main.o
                0x00000000080004c8                main
 .text.SystemClock_Config
                0x0000000008000524      0x104 Core/Src/main.o
                0x0000000008000524                SystemClock_Config
 .text.MX_I2C1_Init
                0x0000000008000628       0x5c Core/Src/main.o
 .text.MX_I2S3_Init
                0x0000000008000684       0x60 Core/Src/main.o
 .text.MX_SPI1_Init
                0x00000000080006e4       0x6c Core/Src/main.o
 .text.MX_GPIO_Init
                0x0000000008000750      0x1fc Core/Src/main.o
 .text.Error_Handler
                0x000000000800094c        0x8 Core/Src/main.o
                0x000000000800094c                Error_Handler
 .text.HAL_MspInit
                0x0000000008000954       0x50 Core/Src/stm32f4xx_hal_msp.o
                0x0000000008000954                HAL_MspInit
 .text.HAL_I2C_MspInit
                0x00000000080009a4       0x90 Core/Src/stm32f4xx_hal_msp.o
                0x00000000080009a4                HAL_I2C_MspInit
 .text.HAL_I2S_MspInit
                0x0000000008000a34       0xd0 Core/Src/stm32f4xx_hal_msp.o
                0x0000000008000a34                HAL_I2S_MspInit
 .text.HAL_SPI_MspInit
                0x0000000008000b04       0x90 Core/Src/stm32f4xx_hal_msp.o
                0x0000000008000b04                HAL_SPI_MspInit
 .text.NMI_Handler
                0x0000000008000b94        0x6 Core/Src/stm32f4xx_it.o
                0x0000000008000b94                NMI_Handler
 .text.HardFault_Handler
                0x0000000008000b9a        0x6 Core/Src/stm32f4xx_it.o
                0x0000000008000b9a                HardFault_Handler
 .text.MemManage_Handler
                0x0000000008000ba0        0x6 Core/Src/stm32f4xx_it.o
                0x0000000008000ba0                MemManage_Handler
 .text.BusFault_Handler
                0x0000000008000ba6        0x6 Core/Src/stm32f4xx_it.o
                0x0000000008000ba6                BusFault_Handler
 .text.UsageFault_Handler
                0x0000000008000bac        0x6 Core/Src/stm32f4xx_it.o
                0x0000000008000bac                UsageFault_Handler
 .text.SVC_Handler
                0x0000000008000bb2        0xe Core/Src/stm32f4xx_it.o
                0x0000000008000bb2                SVC_Handler
 .text.DebugMon_Handler
                0x0000000008000bc0        0xe Core/Src/stm32f4xx_it.o
                0x0000000008000bc0                DebugMon_Handler
 .text.PendSV_Handler
                0x0000000008000bce        0xe Core/Src/stm32f4xx_it.o
                0x0000000008000bce                PendSV_Handler
 .text.SysTick_Handler
                0x0000000008000bdc        0xc Core/Src/stm32f4xx_it.o
                0x0000000008000bdc                SysTick_Handler
 .text.OTG_FS_IRQHandler
                0x0000000008000be8       0x14 Core/Src/stm32f4xx_it.o
                0x0000000008000be8                OTG_FS_IRQHandler
 .text._sbrk    0x0000000008000bfc       0x6c Core/Src/sysmem.o
                0x0000000008000bfc                _sbrk
 .text.SystemInit
                0x0000000008000c68       0x2c Core/Src/system_stm32f4xx.o
                0x0000000008000c68                SystemInit
 .text.Reset_Handler
                0x0000000008000c94       0x50 Core/Startup/startup_stm32f407vgtx.o
                0x0000000008000c94                Reset_Handler
 .text.Default_Handler
                0x0000000008000ce4        0x2 Core/Startup/startup_stm32f407vgtx.o
                0x0000000008000ce4                RTC_Alarm_IRQHandler
                0x0000000008000ce4                HASH_RNG_IRQHandler
                0x0000000008000ce4                EXTI2_IRQHandler
                0x0000000008000ce4                TIM8_CC_IRQHandler
                0x0000000008000ce4                TIM1_CC_IRQHandler
                0x0000000008000ce4                DMA2_Stream5_IRQHandler
                0x0000000008000ce4                DMA1_Stream5_IRQHandler
                0x0000000008000ce4                PVD_IRQHandler
                0x0000000008000ce4                SDIO_IRQHandler
                0x0000000008000ce4                TAMP_STAMP_IRQHandler
                0x0000000008000ce4                CAN2_RX1_IRQHandler
                0x0000000008000ce4                EXTI3_IRQHandler
                0x0000000008000ce4                TIM8_TRG_COM_TIM14_IRQHandler
                0x0000000008000ce4                TIM1_UP_TIM10_IRQHandler
                0x0000000008000ce4                TIM8_UP_TIM13_IRQHandler
                0x0000000008000ce4                I2C3_ER_IRQHandler
                0x0000000008000ce4                EXTI0_IRQHandler
                0x0000000008000ce4                I2C2_EV_IRQHandler
                0x0000000008000ce4                DMA1_Stream2_IRQHandler
                0x0000000008000ce4                CAN1_RX0_IRQHandler
                0x0000000008000ce4                FPU_IRQHandler
                0x0000000008000ce4                OTG_HS_WKUP_IRQHandler
                0x0000000008000ce4                CAN2_SCE_IRQHandler
                0x0000000008000ce4                DMA2_Stream2_IRQHandler
                0x0000000008000ce4                SPI1_IRQHandler
                0x0000000008000ce4                TIM6_DAC_IRQHandler
                0x0000000008000ce4                TIM1_BRK_TIM9_IRQHandler
                0x0000000008000ce4                DCMI_IRQHandler
                0x0000000008000ce4                CAN2_RX0_IRQHandler
                0x0000000008000ce4                DMA2_Stream3_IRQHandler
                0x0000000008000ce4                USART6_IRQHandler
                0x0000000008000ce4                USART3_IRQHandler
                0x0000000008000ce4                CAN1_RX1_IRQHandler
                0x0000000008000ce4                UART5_IRQHandler
                0x0000000008000ce4                DMA2_Stream0_IRQHandler
                0x0000000008000ce4                TIM4_IRQHandler
                0x0000000008000ce4                I2C1_EV_IRQHandler
                0x0000000008000ce4                DMA1_Stream6_IRQHandler
                0x0000000008000ce4                DMA1_Stream1_IRQHandler
                0x0000000008000ce4                UART4_IRQHandler
                0x0000000008000ce4                TIM3_IRQHandler
                0x0000000008000ce4                RCC_IRQHandler
                0x0000000008000ce4                TIM8_BRK_TIM12_IRQHandler
                0x0000000008000ce4                Default_Handler
                0x0000000008000ce4                EXTI15_10_IRQHandler
                0x0000000008000ce4                ADC_IRQHandler
                0x0000000008000ce4                DMA1_Stream7_IRQHandler
                0x0000000008000ce4                TIM7_IRQHandler
                0x0000000008000ce4                CAN2_TX_IRQHandler
                0x0000000008000ce4                TIM5_IRQHandler
                0x0000000008000ce4                DMA2_Stream7_IRQHandler
                0x0000000008000ce4                I2C3_EV_IRQHandler
                0x0000000008000ce4                EXTI9_5_IRQHandler
                0x0000000008000ce4                RTC_WKUP_IRQHandler
                0x0000000008000ce4                ETH_WKUP_IRQHandler
                0x0000000008000ce4                SPI2_IRQHandler
                0x0000000008000ce4                OTG_HS_EP1_IN_IRQHandler
                0x0000000008000ce4                DMA1_Stream0_IRQHandler
                0x0000000008000ce4                CAN1_TX_IRQHandler
                0x0000000008000ce4                EXTI4_IRQHandler
                0x0000000008000ce4                FSMC_IRQHandler
                0x0000000008000ce4                ETH_IRQHandler
                0x0000000008000ce4                OTG_HS_EP1_OUT_IRQHandler
                0x0000000008000ce4                WWDG_IRQHandler
                0x0000000008000ce4                TIM2_IRQHandler
                0x0000000008000ce4                OTG_FS_WKUP_IRQHandler
                0x0000000008000ce4                TIM1_TRG_COM_TIM11_IRQHandler
                0x0000000008000ce4                OTG_HS_IRQHandler
                0x0000000008000ce4                EXTI1_IRQHandler
                0x0000000008000ce4                USART2_IRQHandler
                0x0000000008000ce4                I2C2_ER_IRQHandler
                0x0000000008000ce4                DMA2_Stream1_IRQHandler
                0x0000000008000ce4                CAN1_SCE_IRQHandler
                0x0000000008000ce4                FLASH_IRQHandler
                0x0000000008000ce4                DMA2_Stream4_IRQHandler
                0x0000000008000ce4                USART1_IRQHandler
                0x0000000008000ce4                SPI3_IRQHandler
                0x0000000008000ce4                DMA1_Stream4_IRQHandler
                0x0000000008000ce4                I2C1_ER_IRQHandler
                0x0000000008000ce4                DMA2_Stream6_IRQHandler
                0x0000000008000ce4                DMA1_Stream3_IRQHandler
 *fill*         0x0000000008000ce6        0x2 
 .text.HAL_Init
                0x0000000008000ce8       0x44 Drivers/STM32F4xx_HAL_Driver/Src/stm32f4xx_hal.o
                0x0000000008000ce8                HAL_Init
 .text.HAL_InitTick
                0x0000000008000d2c       0x60 Drivers/STM32F4xx_HAL_Driver/Src/stm32f4xx_hal.o
                0x0000000008000d2c                HAL_InitTick
 .text.HAL_IncTick
                0x0000000008000d8c       0x28 Drivers/STM32F4xx_HAL_Driver/Src/stm32f4xx_hal.o
                0x0000000008000d8c                HAL_IncTick
 .text.HAL_GetTick
                0x0000000008000db4       0x18 Drivers/STM32F4xx_HAL_Driver/Src/stm32f4xx_hal.o
                0x0000000008000db4                HAL_GetTick
 .text.HAL_Delay
                0x0000000008000dcc       0x44 Drivers/STM32F4xx_HAL_Driver/Src/stm32f4xx_hal.o
                0x0000000008000dcc                HAL_Delay
 .text.__NVIC_SetPriorityGrouping
                0x0000000008000e10       0x48 Drivers/STM32F4xx_HAL_Driver/Src/stm32f4xx_hal_cortex.o
 .text.__NVIC_GetPriorityGrouping
                0x0000000008000e58       0x1c Drivers/STM32F4xx_HAL_Driver/Src/stm32f4xx_hal_cortex.o
 .text.__NVIC_EnableIRQ
                0x0000000008000e74       0x3c Drivers/STM32F4xx_HAL_Driver/Src/stm32f4xx_hal_cortex.o
 .text.__NVIC_SetPriority
                0x0000000008000eb0       0x54 Drivers/STM32F4xx_HAL_Driver/Src/stm32f4xx_hal_cortex.o
 .text.NVIC_EncodePriority
                0x0000000008000f04       0x66 Drivers/STM32F4xx_HAL_Driver/Src/stm32f4xx_hal_cortex.o
 *fill*         0x0000000008000f6a        0x2 
 .text.SysTick_Config
                0x0000000008000f6c       0x44 Drivers/STM32F4xx_HAL_Driver/Src/stm32f4xx_hal_cortex.o
 .text.HAL_NVIC_SetPriorityGrouping
                0x0000000008000fb0       0x16 Drivers/STM32F4xx_HAL_Driver/Src/stm32f4xx_hal_cortex.o
                0x0000000008000fb0                HAL_NVIC_SetPriorityGrouping
 .text.HAL_NVIC_SetPriority
                0x0000000008000fc6       0x38 Drivers/STM32F4xx_HAL_Driver/Src/stm32f4xx_hal_cortex.o
                0x0000000008000fc6                HAL_NVIC_SetPriority
 .text.HAL_NVIC_EnableIRQ
                0x0000000008000ffe       0x1c Drivers/STM32F4xx_HAL_Driver/Src/stm32f4xx_hal_cortex.o
                0x0000000008000ffe                HAL_NVIC_EnableIRQ
 .text.HAL_SYSTICK_Config
                0x000000000800101a       0x18 Drivers/STM32F4xx_HAL_Driver/Src/stm32f4xx_hal_cortex.o
                0x000000000800101a                HAL_SYSTICK_Config
 *fill*         0x0000000008001032        0x2 
 .text.HAL_GPIO_Init
                0x0000000008001034      0x334 Drivers/STM32F4xx_HAL_Driver/Src/stm32f4xx_hal_gpio.o
                0x0000000008001034                HAL_GPIO_Init
 .text.HAL_GPIO_WritePin
                0x0000000008001368       0x32 Drivers/STM32F4xx_HAL_Driver/Src/stm32f4xx_hal_gpio.o
                0x0000000008001368                HAL_GPIO_WritePin
 .text.HAL_HCD_Init
                0x000000000800139a       0xc4 Drivers/STM32F4xx_HAL_Driver/Src/stm32f4xx_hal_hcd.o
                0x000000000800139a                HAL_HCD_Init
 .text.HAL_HCD_HC_Init
                0x000000000800145e      0x130 Drivers/STM32F4xx_HAL_Driver/Src/stm32f4xx_hal_hcd.o
                0x000000000800145e                HAL_HCD_HC_Init
 .text.HAL_HCD_HC_Halt
                0x000000000800158e       0x46 Drivers/STM32F4xx_HAL_Driver/Src/stm32f4xx_hal_hcd.o
                0x000000000800158e                HAL_HCD_HC_Halt
 .text.HAL_HCD_HC_SubmitRequest
                0x00000000080015d4      0x2e4 Drivers/STM32F4xx_HAL_Driver/Src/stm32f4xx_hal_hcd.o
                0x00000000080015d4                HAL_HCD_HC_SubmitRequest
 .text.HAL_HCD_IRQHandler
                0x00000000080018b8      0x208 Drivers/STM32F4xx_HAL_Driver/Src/stm32f4xx_hal_hcd.o
                0x00000000080018b8                HAL_HCD_IRQHandler
 .text.HAL_HCD_Start
                0x0000000008001ac0       0x46 Drivers/STM32F4xx_HAL_Driver/Src/stm32f4xx_hal_hcd.o
                0x0000000008001ac0                HAL_HCD_Start
 .text.HAL_HCD_Stop
                0x0000000008001b06       0x3a Drivers/STM32F4xx_HAL_Driver/Src/stm32f4xx_hal_hcd.o
                0x0000000008001b06                HAL_HCD_Stop
 .text.HAL_HCD_ResetPort
                0x0000000008001b40       0x1c Drivers/STM32F4xx_HAL_Driver/Src/stm32f4xx_hal_hcd.o
                0x0000000008001b40                HAL_HCD_ResetPort
 .text.HAL_HCD_HC_GetURBState
                0x0000000008001b5c       0x2a Drivers/STM32F4xx_HAL_Driver/Src/stm32f4xx_hal_hcd.o
                0x0000000008001b5c                HAL_HCD_HC_GetURBState
 .text.HAL_HCD_HC_GetXferCount
                0x0000000008001b86       0x2a Drivers/STM32F4xx_HAL_Driver/Src/stm32f4xx_hal_hcd.o
                0x0000000008001b86                HAL_HCD_HC_GetXferCount
 .text.HAL_HCD_GetCurrentFrame
                0x0000000008001bb0       0x1c Drivers/STM32F4xx_HAL_Driver/Src/stm32f4xx_hal_hcd.o
                0x0000000008001bb0                HAL_HCD_GetCurrentFrame
 .text.HAL_HCD_GetCurrentSpeed
                0x0000000008001bcc       0x1c Drivers/STM32F4xx_HAL_Driver/Src/stm32f4xx_hal_hcd.o
                0x0000000008001bcc                HAL_HCD_GetCurrentSpeed
 .text.HCD_HC_IN_IRQHandler
                0x0000000008001be8      0x86a Drivers/STM32F4xx_HAL_Driver/Src/stm32f4xx_hal_hcd.o
 .text.HCD_HC_OUT_IRQHandler
                0x0000000008002452      0x6ea Drivers/STM32F4xx_HAL_Driver/Src/stm32f4xx_hal_hcd.o
 .text.HCD_RXQLVL_IRQHandler
                0x0000000008002b3c      0x158 Drivers/STM32F4xx_HAL_Driver/Src/stm32f4xx_hal_hcd.o
 .text.HCD_Port_IRQHandler
                0x0000000008002c94       0xe6 Drivers/STM32F4xx_HAL_Driver/Src/stm32f4xx_hal_hcd.o
 *fill*         0x0000000008002d7a        0x2 
 .text.HAL_I2C_Init
                0x0000000008002d7c      0x270 Drivers/STM32F4xx_HAL_Driver/Src/stm32f4xx_hal_i2c.o
                0x0000000008002d7c                HAL_I2C_Init
 .text.HAL_I2C_Slave_Receive_IT
                0x0000000008002fec       0xe0 Drivers/STM32F4xx_HAL_Driver/Src/stm32f4xx_hal_i2c.o
                0x0000000008002fec                HAL_I2C_Slave_Receive_IT
 .text.HAL_I2S_Init
                0x00000000080030cc      0x280 Drivers/STM32F4xx_HAL_Driver/Src/stm32f4xx_hal_i2s.o
                0x00000000080030cc                HAL_I2S_Init
 .text.HAL_I2S_TxCpltCallback
                0x000000000800334c       0x14 Drivers/STM32F4xx_HAL_Driver/Src/stm32f4xx_hal_i2s.o
                0x000000000800334c                HAL_I2S_TxCpltCallback
 .text.HAL_I2S_RxCpltCallback
                0x0000000008003360       0x14 Drivers/STM32F4xx_HAL_Driver/Src/stm32f4xx_hal_i2s.o
                0x0000000008003360                HAL_I2S_RxCpltCallback
 .text.HAL_I2S_ErrorCallback
                0x0000000008003374       0x14 Drivers/STM32F4xx_HAL_Driver/Src/stm32f4xx_hal_i2s.o
                0x0000000008003374                HAL_I2S_ErrorCallback
 .text.I2S_Transmit_IT
                0x0000000008003388       0x5c Drivers/STM32F4xx_HAL_Driver/Src/stm32f4xx_hal_i2s.o
 .text.I2S_Receive_IT
                0x00000000080033e4       0x5e Drivers/STM32F4xx_HAL_Driver/Src/stm32f4xx_hal_i2s.o
 .text.I2S_IRQHandler
                0x0000000008003442      0x114 Drivers/STM32F4xx_HAL_Driver/Src/stm32f4xx_hal_i2s.o
 *fill*         0x0000000008003556        0x2 
 .text.HAL_I2SEx_FullDuplex_IRQHandler
                0x0000000008003558      0x2a8 Drivers/STM32F4xx_HAL_Driver/Src/stm32f4xx_hal_i2s_ex.o
                0x0000000008003558                HAL_I2SEx_FullDuplex_IRQHandler
 .text.HAL_I2SEx_TxRxCpltCallback
                0x0000000008003800       0x14 Drivers/STM32F4xx_HAL_Driver/Src/stm32f4xx_hal_i2s_ex.o
                0x0000000008003800                HAL_I2SEx_TxRxCpltCallback
 .text.I2SEx_TxISR_I2S
                0x0000000008003814       0x62 Drivers/STM32F4xx_HAL_Driver/Src/stm32f4xx_hal_i2s_ex.o
 *fill*         0x0000000008003876        0x2 
 .text.I2SEx_TxISR_I2SExt
                0x0000000008003878       0x98 Drivers/STM32F4xx_HAL_Driver/Src/stm32f4xx_hal_i2s_ex.o
 .text.I2SEx_RxISR_I2S
                0x0000000008003910       0x64 Drivers/STM32F4xx_HAL_Driver/Src/stm32f4xx_hal_i2s_ex.o
 .text.I2SEx_RxISR_I2SExt
                0x0000000008003974       0x98 Drivers/STM32F4xx_HAL_Driver/Src/stm32f4xx_hal_i2s_ex.o
 .text.HAL_RCC_OscConfig
                0x0000000008003a0c      0x4e0 Drivers/STM32F4xx_HAL_Driver/Src/stm32f4xx_hal_rcc.o
                0x0000000008003a0c                HAL_RCC_OscConfig
 .text.HAL_RCC_ClockConfig
                0x0000000008003eec      0x1cc Drivers/STM32F4xx_HAL_Driver/Src/stm32f4xx_hal_rcc.o
                0x0000000008003eec                HAL_RCC_ClockConfig
 .text.HAL_RCC_GetSysClockFreq
                0x00000000080040b8      0x1b0 Drivers/STM32F4xx_HAL_Driver/Src/stm32f4xx_hal_rcc.o
                0x00000000080040b8                HAL_RCC_GetSysClockFreq
 .text.HAL_RCC_GetHCLKFreq
                0x0000000008004268       0x18 Drivers/STM32F4xx_HAL_Driver/Src/stm32f4xx_hal_rcc.o
                0x0000000008004268                HAL_RCC_GetHCLKFreq
 .text.HAL_RCC_GetPCLK1Freq
                0x0000000008004280       0x28 Drivers/STM32F4xx_HAL_Driver/Src/stm32f4xx_hal_rcc.o
                0x0000000008004280                HAL_RCC_GetPCLK1Freq
 .text.HAL_RCCEx_PeriphCLKConfig
                0x00000000080042a8      0x1c4 Drivers/STM32F4xx_HAL_Driver/Src/stm32f4xx_hal_rcc_ex.o
                0x00000000080042a8                HAL_RCCEx_PeriphCLKConfig
 .text.HAL_RCCEx_GetPeriphCLKFreq
                0x000000000800446c       0xb8 Drivers/STM32F4xx_HAL_Driver/Src/stm32f4xx_hal_rcc_ex.o
                0x000000000800446c                HAL_RCCEx_GetPeriphCLKFreq
 .text.HAL_SPI_Init
                0x0000000008004524       0xc8 Drivers/STM32F4xx_HAL_Driver/Src/stm32f4xx_hal_spi.o
                0x0000000008004524                HAL_SPI_Init
 .text.USB_CoreInit
                0x00000000080045ec       0xc2 Drivers/STM32F4xx_HAL_Driver/Src/stm32f4xx_ll_usb.o
                0x00000000080045ec                USB_CoreInit
 .text.USB_EnableGlobalInt
                0x00000000080046ae       0x22 Drivers/STM32F4xx_HAL_Driver/Src/stm32f4xx_ll_usb.o
                0x00000000080046ae                USB_EnableGlobalInt
 .text.USB_DisableGlobalInt
                0x00000000080046d0       0x22 Drivers/STM32F4xx_HAL_Driver/Src/stm32f4xx_ll_usb.o
                0x00000000080046d0                USB_DisableGlobalInt
 .text.USB_SetCurrentMode
                0x00000000080046f2       0x54 Drivers/STM32F4xx_HAL_Driver/Src/stm32f4xx_ll_usb.o
                0x00000000080046f2                USB_SetCurrentMode
 *fill*         0x0000000008004746        0x2 
 .text.USB_FlushTxFifo
                0x0000000008004748       0x4c Drivers/STM32F4xx_HAL_Driver/Src/stm32f4xx_ll_usb.o
                0x0000000008004748                USB_FlushTxFifo
 .text.USB_FlushRxFifo
                0x0000000008004794       0x44 Drivers/STM32F4xx_HAL_Driver/Src/stm32f4xx_ll_usb.o
                0x0000000008004794                USB_FlushRxFifo
 .text.USB_WritePacket
                0x00000000080047d8       0x6a Drivers/STM32F4xx_HAL_Driver/Src/stm32f4xx_ll_usb.o
                0x00000000080047d8                USB_WritePacket
 .text.USB_ReadPacket
                0x0000000008004842       0x52 Drivers/STM32F4xx_HAL_Driver/Src/stm32f4xx_ll_usb.o
                0x0000000008004842                USB_ReadPacket
 .text.USB_ReadInterrupts
                0x0000000008004894       0x26 Drivers/STM32F4xx_HAL_Driver/Src/stm32f4xx_ll_usb.o
                0x0000000008004894                USB_ReadInterrupts
 .text.USB_GetMode
                0x00000000080048ba       0x1c Drivers/STM32F4xx_HAL_Driver/Src/stm32f4xx_ll_usb.o
                0x00000000080048ba                USB_GetMode
 *fill*         0x00000000080048d6        0x2 
 .text.USB_CoreReset
                0x00000000080048d8       0x68 Drivers/STM32F4xx_HAL_Driver/Src/stm32f4xx_ll_usb.o
 .text.USB_HostInit
                0x0000000008004940      0x178 Drivers/STM32F4xx_HAL_Driver/Src/stm32f4xx_ll_usb.o
                0x0000000008004940                USB_HostInit
 .text.USB_InitFSLSPClkSel
                0x0000000008004ab8       0x74 Drivers/STM32F4xx_HAL_Driver/Src/stm32f4xx_ll_usb.o
                0x0000000008004ab8                USB_InitFSLSPClkSel
 .text.USB_ResetPort
                0x0000000008004b2c       0x54 Drivers/STM32F4xx_HAL_Driver/Src/stm32f4xx_ll_usb.o
                0x0000000008004b2c                USB_ResetPort
 .text.USB_DriveVbus
                0x0000000008004b80       0x72 Drivers/STM32F4xx_HAL_Driver/Src/stm32f4xx_ll_usb.o
                0x0000000008004b80                USB_DriveVbus
 .text.USB_GetHostSpeed
                0x0000000008004bf2       0x2e Drivers/STM32F4xx_HAL_Driver/Src/stm32f4xx_ll_usb.o
                0x0000000008004bf2                USB_GetHostSpeed
 .text.USB_GetCurrentFrame
                0x0000000008004c20       0x22 Drivers/STM32F4xx_HAL_Driver/Src/stm32f4xx_ll_usb.o
                0x0000000008004c20                USB_GetCurrentFrame
 *fill*         0x0000000008004c42        0x2 
 .text.USB_HC_Init
                0x0000000008004c44      0x214 Drivers/STM32F4xx_HAL_Driver/Src/stm32f4xx_ll_usb.o
                0x0000000008004c44                USB_HC_Init
 .text.USB_HC_StartXfer
                0x0000000008004e58      0x28c Drivers/STM32F4xx_HAL_Driver/Src/stm32f4xx_ll_usb.o
                0x0000000008004e58                USB_HC_StartXfer
 .text.USB_HC_ReadInterrupt
                0x00000000080050e4       0x22 Drivers/STM32F4xx_HAL_Driver/Src/stm32f4xx_ll_usb.o
                0x00000000080050e4                USB_HC_ReadInterrupt
 .text.USB_HC_Halt
                0x0000000008005106      0x1fe Drivers/STM32F4xx_HAL_Driver/Src/stm32f4xx_ll_usb.o
                0x0000000008005106                USB_HC_Halt
 .text.USB_DoPing
                0x0000000008005304       0x78 Drivers/STM32F4xx_HAL_Driver/Src/stm32f4xx_ll_usb.o
                0x0000000008005304                USB_DoPing
 .text.USB_StopHost
                0x000000000800537c      0x10c Drivers/STM32F4xx_HAL_Driver/Src/stm32f4xx_ll_usb.o
                0x000000000800537c                USB_StopHost
 .text.USBH_CDC_InterfaceInit
                0x0000000008005488      0x2ac Middlewares/ST/STM32_USB_Host_Library/Class/CDC/Src/usbh_cdc.o
 .text.USBH_CDC_InterfaceDeInit
                0x0000000008005734       0xb2 Middlewares/ST/STM32_USB_Host_Library/Class/CDC/Src/usbh_cdc.o
 .text.USBH_CDC_ClassRequest
                0x00000000080057e6       0x3e Middlewares/ST/STM32_USB_Host_Library/Class/CDC/Src/usbh_cdc.o
 .text.USBH_CDC_Process
                0x0000000008005824      0x12c Middlewares/ST/STM32_USB_Host_Library/Class/CDC/Src/usbh_cdc.o
 .text.USBH_CDC_SOFProcess
                0x0000000008005950       0x16 Middlewares/ST/STM32_USB_Host_Library/Class/CDC/Src/usbh_cdc.o
 .text.GetLineCoding
                0x0000000008005966       0x3e Middlewares/ST/STM32_USB_Host_Library/Class/CDC/Src/usbh_cdc.o
 .text.SetLineCoding
                0x00000000080059a4       0x3e Middlewares/ST/STM32_USB_Host_Library/Class/CDC/Src/usbh_cdc.o
 .text.CDC_ProcessTransmission
                0x00000000080059e2       0xf0 Middlewares/ST/STM32_USB_Host_Library/Class/CDC/Src/usbh_cdc.o
 .text.CDC_ProcessReception
                0x0000000008005ad2       0xb6 Middlewares/ST/STM32_USB_Host_Library/Class/CDC/Src/usbh_cdc.o
 .text.USBH_CDC_TransmitCallback
                0x0000000008005b88       0x14 Middlewares/ST/STM32_USB_Host_Library/Class/CDC/Src/usbh_cdc.o
                0x0000000008005b88                USBH_CDC_TransmitCallback
 .text.USBH_CDC_ReceiveCallback
                0x0000000008005b9c       0x14 Middlewares/ST/STM32_USB_Host_Library/Class/CDC/Src/usbh_cdc.o
                0x0000000008005b9c                USBH_CDC_ReceiveCallback
 .text.USBH_CDC_LineCodingChanged
                0x0000000008005bb0       0x14 Middlewares/ST/STM32_USB_Host_Library/Class/CDC/Src/usbh_cdc.o
                0x0000000008005bb0                USBH_CDC_LineCodingChanged
 .text.USBH_Init
                0x0000000008005bc4       0x74 Middlewares/ST/STM32_USB_Host_Library/Core/Src/usbh_core.o
                0x0000000008005bc4                USBH_Init
 .text.DeInitStateMachine
                0x0000000008005c38       0xa8 Middlewares/ST/STM32_USB_Host_Library/Core/Src/usbh_core.o
 .text.USBH_RegisterClass
                0x0000000008005ce0       0x54 Middlewares/ST/STM32_USB_Host_Library/Core/Src/usbh_core.o
                0x0000000008005ce0                USBH_RegisterClass
 .text.USBH_SelectInterface
                0x0000000008005d34       0x38 Middlewares/ST/STM32_USB_Host_Library/Core/Src/usbh_core.o
                0x0000000008005d34                USBH_SelectInterface
 .text.USBH_FindInterface
                0x0000000008005d6c       0x8c Middlewares/ST/STM32_USB_Host_Library/Core/Src/usbh_core.o
                0x0000000008005d6c                USBH_FindInterface
 .text.USBH_Start
                0x0000000008005df8       0x20 Middlewares/ST/STM32_USB_Host_Library/Core/Src/usbh_core.o
                0x0000000008005df8                USBH_Start
 .text.USBH_Process
                0x0000000008005e18      0x3c0 Middlewares/ST/STM32_USB_Host_Library/Core/Src/usbh_core.o
                0x0000000008005e18                USBH_Process
 .text.USBH_HandleEnum
                0x00000000080061d8      0x3c8 Middlewares/ST/STM32_USB_Host_Library/Core/Src/usbh_core.o
 .text.USBH_LL_SetTimer
                0x00000000080065a0       0x1e Middlewares/ST/STM32_USB_Host_Library/Core/Src/usbh_core.o
                0x00000000080065a0                USBH_LL_SetTimer
 .text.USBH_LL_IncTimer
                0x00000000080065be       0x24 Middlewares/ST/STM32_USB_Host_Library/Core/Src/usbh_core.o
                0x00000000080065be                USBH_LL_IncTimer
 .text.USBH_HandleSof
                0x00000000080065e2       0x30 Middlewares/ST/STM32_USB_Host_Library/Core/Src/usbh_core.o
 .text.USBH_LL_PortEnabled
                0x0000000008006612       0x1c Middlewares/ST/STM32_USB_Host_Library/Core/Src/usbh_core.o
                0x0000000008006612                USBH_LL_PortEnabled
 .text.USBH_LL_PortDisabled
                0x000000000800662e       0x1c Middlewares/ST/STM32_USB_Host_Library/Core/Src/usbh_core.o
                0x000000000800662e                USBH_LL_PortDisabled
 .text.USBH_LL_Connect
                0x000000000800664a       0x2e Middlewares/ST/STM32_USB_Host_Library/Core/Src/usbh_core.o
                0x000000000800664a                USBH_LL_Connect
 .text.USBH_LL_Disconnect
                0x0000000008006678       0x48 Middlewares/ST/STM32_USB_Host_Library/Core/Src/usbh_core.o
                0x0000000008006678                USBH_LL_Disconnect
 .text.USBH_Get_DevDesc
                0x00000000080066c0       0x50 Middlewares/ST/STM32_USB_Host_Library/Core/Src/usbh_ctlreq.o
                0x00000000080066c0                USBH_Get_DevDesc
 .text.USBH_Get_CfgDesc
                0x0000000008006710       0x48 Middlewares/ST/STM32_USB_Host_Library/Core/Src/usbh_ctlreq.o
                0x0000000008006710                USBH_Get_CfgDesc
 .text.USBH_Get_StringDesc
                0x0000000008006758       0x56 Middlewares/ST/STM32_USB_Host_Library/Core/Src/usbh_ctlreq.o
                0x0000000008006758                USBH_Get_StringDesc
 .text.USBH_GetDescriptor
                0x00000000080067ae       0x6a Middlewares/ST/STM32_USB_Host_Library/Core/Src/usbh_ctlreq.o
                0x00000000080067ae                USBH_GetDescriptor
 .text.USBH_SetAddress
                0x0000000008006818       0x48 Middlewares/ST/STM32_USB_Host_Library/Core/Src/usbh_ctlreq.o
                0x0000000008006818                USBH_SetAddress
 .text.USBH_SetCfg
                0x0000000008006860       0x46 Middlewares/ST/STM32_USB_Host_Library/Core/Src/usbh_ctlreq.o
                0x0000000008006860                USBH_SetCfg
 .text.USBH_SetFeature
                0x00000000080068a6       0x48 Middlewares/ST/STM32_USB_Host_Library/Core/Src/usbh_ctlreq.o
                0x00000000080068a6                USBH_SetFeature
 .text.USBH_ClrFeature
                0x00000000080068ee       0x48 Middlewares/ST/STM32_USB_Host_Library/Core/Src/usbh_ctlreq.o
                0x00000000080068ee                USBH_ClrFeature
 .text.USBH_ParseDevDesc
                0x0000000008006936       0xe0 Middlewares/ST/STM32_USB_Host_Library/Core/Src/usbh_ctlreq.o
 .text.USBH_ParseCfgDesc
                0x0000000008006a16      0x144 Middlewares/ST/STM32_USB_Host_Library/Core/Src/usbh_ctlreq.o
 .text.USBH_ParseInterfaceDesc
                0x0000000008006b5a       0x5e Middlewares/ST/STM32_USB_Host_Library/Core/Src/usbh_ctlreq.o
 .text.USBH_ParseEPDesc
                0x0000000008006bb8       0x5a Middlewares/ST/STM32_USB_Host_Library/Core/Src/usbh_ctlreq.o
 .text.USBH_ParseStringDesc
                0x0000000008006c12       0x66 Middlewares/ST/STM32_USB_Host_Library/Core/Src/usbh_ctlreq.o
 .text.USBH_GetNextDesc
                0x0000000008006c78       0x36 Middlewares/ST/STM32_USB_Host_Library/Core/Src/usbh_ctlreq.o
                0x0000000008006c78                USBH_GetNextDesc
 .text.USBH_CtlReq
                0x0000000008006cae       0x7a Middlewares/ST/STM32_USB_Host_Library/Core/Src/usbh_ctlreq.o
                0x0000000008006cae                USBH_CtlReq
 .text.USBH_HandleControl
                0x0000000008006d28      0x2ec Middlewares/ST/STM32_USB_Host_Library/Core/Src/usbh_ctlreq.o
 .text.USBH_CtlSendSetup
                0x0000000008007014       0x34 Middlewares/ST/STM32_USB_Host_Library/Core/Src/usbh_ioreq.o
                0x0000000008007014                USBH_CtlSendSetup
 .text.USBH_CtlSendData
                0x0000000008007048       0x4a Middlewares/ST/STM32_USB_Host_Library/Core/Src/usbh_ioreq.o
                0x0000000008007048                USBH_CtlSendData
 .text.USBH_CtlReceiveData
                0x0000000008007092       0x3c Middlewares/ST/STM32_USB_Host_Library/Core/Src/usbh_ioreq.o
                0x0000000008007092                USBH_CtlReceiveData
 .text.USBH_BulkSendData
                0x00000000080070ce       0x4a Middlewares/ST/STM32_USB_Host_Library/Core/Src/usbh_ioreq.o
                0x00000000080070ce                USBH_BulkSendData
 .text.USBH_BulkReceiveData
                0x0000000008007118       0x3c Middlewares/ST/STM32_USB_Host_Library/Core/Src/usbh_ioreq.o
                0x0000000008007118                USBH_BulkReceiveData
 .text.USBH_OpenPipe
                0x0000000008007154       0x3e Middlewares/ST/STM32_USB_Host_Library/Core/Src/usbh_pipes.o
                0x0000000008007154                USBH_OpenPipe
 .text.USBH_ClosePipe
                0x0000000008007192       0x20 Middlewares/ST/STM32_USB_Host_Library/Core/Src/usbh_pipes.o
                0x0000000008007192                USBH_ClosePipe
 .text.USBH_AllocPipe
                0x00000000080071b2       0x42 Middlewares/ST/STM32_USB_Host_Library/Core/Src/usbh_pipes.o
                0x00000000080071b2                USBH_AllocPipe
 .text.USBH_FreePipe
                0x00000000080071f4       0x3c Middlewares/ST/STM32_USB_Host_Library/Core/Src/usbh_pipes.o
                0x00000000080071f4                USBH_FreePipe
 .text.USBH_GetFreePipe
                0x0000000008007230       0x48 Middlewares/ST/STM32_USB_Host_Library/Core/Src/usbh_pipes.o
 .text.MX_USB_HOST_Init
                0x0000000008007278       0x4c USB_HOST/App/usb_host.o
                0x0000000008007278                MX_USB_HOST_Init
 .text.MX_USB_HOST_Process
                0x00000000080072c4       0x14 USB_HOST/App/usb_host.o
                0x00000000080072c4                MX_USB_HOST_Process
 .text.USBH_UserProcess
                0x00000000080072d8       0x5c USB_HOST/App/usb_host.o
 .text.HAL_HCD_MspInit
                0x0000000008007334       0xc4 USB_HOST/Target/usbh_conf.o
                0x0000000008007334                HAL_HCD_MspInit
 .text.HAL_HCD_SOF_Callback
                0x00000000080073f8       0x1c USB_HOST/Target/usbh_conf.o
                0x00000000080073f8                HAL_HCD_SOF_Callback
 .text.HAL_HCD_Connect_Callback
                0x0000000008007414       0x1c USB_HOST/Target/usbh_conf.o
                0x0000000008007414                HAL_HCD_Connect_Callback
 .text.HAL_HCD_Disconnect_Callback
                0x0000000008007430       0x1c USB_HOST/Target/usbh_conf.o
                0x0000000008007430                HAL_HCD_Disconnect_Callback
 .text.HAL_HCD_HC_NotifyURBChange_Callback
                0x000000000800744c       0x1c USB_HOST/Target/usbh_conf.o
                0x000000000800744c                HAL_HCD_HC_NotifyURBChange_Callback
 .text.HAL_HCD_PortEnabled_Callback
                0x0000000008007468       0x1c USB_HOST/Target/usbh_conf.o
                0x0000000008007468                HAL_HCD_PortEnabled_Callback
 .text.HAL_HCD_PortDisabled_Callback
                0x0000000008007484       0x1c USB_HOST/Target/usbh_conf.o
                0x0000000008007484                HAL_HCD_PortDisabled_Callback
 .text.USBH_LL_Init
                0x00000000080074a0       0x78 USB_HOST/Target/usbh_conf.o
                0x00000000080074a0                USBH_LL_Init
 .text.USBH_LL_Start
                0x0000000008007518       0x36 USB_HOST/Target/usbh_conf.o
                0x0000000008007518                USBH_LL_Start
 .text.USBH_LL_Stop
                0x000000000800754e       0x36 USB_HOST/Target/usbh_conf.o
                0x000000000800754e                USBH_LL_Stop
 .text.USBH_LL_GetSpeed
                0x0000000008007584       0x4a USB_HOST/Target/usbh_conf.o
                0x0000000008007584                USBH_LL_GetSpeed
 .text.USBH_LL_ResetPort
                0x00000000080075ce       0x36 USB_HOST/Target/usbh_conf.o
                0x00000000080075ce                USBH_LL_ResetPort
 .text.USBH_LL_GetLastXferSize
                0x0000000008007604       0x26 USB_HOST/Target/usbh_conf.o
                0x0000000008007604                USBH_LL_GetLastXferSize
 .text.USBH_LL_OpenPipe
                0x000000000800762a       0x5e USB_HOST/Target/usbh_conf.o
                0x000000000800762a                USBH_LL_OpenPipe
 .text.USBH_LL_ClosePipe
                0x0000000008007688       0x3e USB_HOST/Target/usbh_conf.o
                0x0000000008007688                USBH_LL_ClosePipe
 .text.USBH_LL_SubmitURB
                0x00000000080076c6       0x62 USB_HOST/Target/usbh_conf.o
                0x00000000080076c6                USBH_LL_SubmitURB
 .text.USBH_LL_GetURBState
                0x0000000008007728       0x26 USB_HOST/Target/usbh_conf.o
                0x0000000008007728                USBH_LL_GetURBState
 .text.USBH_LL_DriverVBUS
                0x000000000800774e       0x2e USB_HOST/Target/usbh_conf.o
                0x000000000800774e                USBH_LL_DriverVBUS
 .text.USBH_LL_SetToggle
                0x000000000800777c       0x66 USB_HOST/Target/usbh_conf.o
                0x000000000800777c                USBH_LL_SetToggle
 .text.USBH_Delay
                0x00000000080077e2       0x16 USB_HOST/Target/usbh_conf.o
                0x00000000080077e2                USBH_Delay
 .text.USBH_Get_USB_Status
                0x00000000080077f8       0x58 USB_HOST/Target/usbh_conf.o
                0x00000000080077f8                USBH_Get_USB_Status
 .text.MX_DriverVbusFS
                0x0000000008007850       0x38 USB_HOST/Target/usbh_platform.o
                0x0000000008007850                MX_DriverVbusFS
 .text.__errno  0x0000000008007888        0xc c:/st/stm32cubeide_1.5.1/stm32cubeide/plugins/com.st.stm32cube.ide.mcu.externaltools.gnu-tools-for-stm32.7-2018-q2-update.win32_1.5.0.202011040924/tools/bin/../lib/gcc/arm-none-eabi/7.3.1/../../../../arm-none-eabi/lib/thumb/v7e-m/fpv4-sp/hard\libc_nano.a(lib_a-errno.o)
                0x0000000008007888                __errno
 .text.__libc_init_array
                0x0000000008007894       0x48 c:/st/stm32cubeide_1.5.1/stm32cubeide/plugins/com.st.stm32cube.ide.mcu.externaltools.gnu-tools-for-stm32.7-2018-q2-update.win32_1.5.0.202011040924/tools/bin/../lib/gcc/arm-none-eabi/7.3.1/../../../../arm-none-eabi/lib/thumb/v7e-m/fpv4-sp/hard\libc_nano.a(lib_a-init.o)
                0x0000000008007894                __libc_init_array
 .text.malloc   0x00000000080078dc       0x10 c:/st/stm32cubeide_1.5.1/stm32cubeide/plugins/com.st.stm32cube.ide.mcu.externaltools.gnu-tools-for-stm32.7-2018-q2-update.win32_1.5.0.202011040924/tools/bin/../lib/gcc/arm-none-eabi/7.3.1/../../../../arm-none-eabi/lib/thumb/v7e-m/fpv4-sp/hard\libc_nano.a(lib_a-malloc.o)
                0x00000000080078dc                malloc
 .text.free     0x00000000080078ec       0x10 c:/st/stm32cubeide_1.5.1/stm32cubeide/plugins/com.st.stm32cube.ide.mcu.externaltools.gnu-tools-for-stm32.7-2018-q2-update.win32_1.5.0.202011040924/tools/bin/../lib/gcc/arm-none-eabi/7.3.1/../../../../arm-none-eabi/lib/thumb/v7e-m/fpv4-sp/hard\libc_nano.a(lib_a-malloc.o)
                0x00000000080078ec                free
 .text.memset   0x00000000080078fc       0x10 c:/st/stm32cubeide_1.5.1/stm32cubeide/plugins/com.st.stm32cube.ide.mcu.externaltools.gnu-tools-for-stm32.7-2018-q2-update.win32_1.5.0.202011040924/tools/bin/../lib/gcc/arm-none-eabi/7.3.1/../../../../arm-none-eabi/lib/thumb/v7e-m/fpv4-sp/hard\libc_nano.a(lib_a-memset.o)
                0x00000000080078fc                memset
 .text._free_r  0x000000000800790c       0x9c c:/st/stm32cubeide_1.5.1/stm32cubeide/plugins/com.st.stm32cube.ide.mcu.externaltools.gnu-tools-for-stm32.7-2018-q2-update.win32_1.5.0.202011040924/tools/bin/../lib/gcc/arm-none-eabi/7.3.1/../../../../arm-none-eabi/lib/thumb/v7e-m/fpv4-sp/hard\libc_nano.a(lib_a-nano-freer.o)
                0x000000000800790c                _free_r
 .text._malloc_r
                0x00000000080079a8       0xb4 c:/st/stm32cubeide_1.5.1/stm32cubeide/plugins/com.st.stm32cube.ide.mcu.externaltools.gnu-tools-for-stm32.7-2018-q2-update.win32_1.5.0.202011040924/tools/bin/../lib/gcc/arm-none-eabi/7.3.1/../../../../arm-none-eabi/lib/thumb/v7e-m/fpv4-sp/hard\libc_nano.a(lib_a-nano-mallocr.o)
                0x00000000080079a8                _malloc_r
 .text._sbrk_r  0x0000000008007a5c       0x20 c:/st/stm32cubeide_1.5.1/stm32cubeide/plugins/com.st.stm32cube.ide.mcu.externaltools.gnu-tools-for-stm32.7-2018-q2-update.win32_1.5.0.202011040924/tools/bin/../lib/gcc/arm-none-eabi/7.3.1/../../../../arm-none-eabi/lib/thumb/v7e-m/fpv4-sp/hard\libc_nano.a(lib_a-sbrkr.o)
                0x0000000008007a5c                _sbrk_r
 .text.__malloc_lock
                0x0000000008007a7c        0x2 c:/st/stm32cubeide_1.5.1/stm32cubeide/plugins/com.st.stm32cube.ide.mcu.externaltools.gnu-tools-for-stm32.7-2018-q2-update.win32_1.5.0.202011040924/tools/bin/../lib/gcc/arm-none-eabi/7.3.1/../../../../arm-none-eabi/lib/thumb/v7e-m/fpv4-sp/hard\libc_nano.a(lib_a-mlock.o)
                0x0000000008007a7c                __malloc_lock
 .text.__malloc_unlock
                0x0000000008007a7e        0x2 c:/st/stm32cubeide_1.5.1/stm32cubeide/plugins/com.st.stm32cube.ide.mcu.externaltools.gnu-tools-for-stm32.7-2018-q2-update.win32_1.5.0.202011040924/tools/bin/../lib/gcc/arm-none-eabi/7.3.1/../../../../arm-none-eabi/lib/thumb/v7e-m/fpv4-sp/hard\libc_nano.a(lib_a-mlock.o)
                0x0000000008007a7e                __malloc_unlock
 *(.glue_7)
 .glue_7        0x0000000008007a80        0x0 linker stubs
 *(.glue_7t)
 .glue_7t       0x0000000008007a80        0x0 linker stubs
 *(.eh_frame)
 .eh_frame      0x0000000008007a80        0x0 c:/st/stm32cubeide_1.5.1/stm32cubeide/plugins/com.st.stm32cube.ide.mcu.externaltools.gnu-tools-for-stm32.7-2018-q2-update.win32_1.5.0.202011040924/tools/bin/../lib/gcc/arm-none-eabi/7.3.1/thumb/v7e-m/fpv4-sp/hard/crtbegin.o
 *(.init)
 .init          0x0000000008007a80        0x4 c:/st/stm32cubeide_1.5.1/stm32cubeide/plugins/com.st.stm32cube.ide.mcu.externaltools.gnu-tools-for-stm32.7-2018-q2-update.win32_1.5.0.202011040924/tools/bin/../lib/gcc/arm-none-eabi/7.3.1/thumb/v7e-m/fpv4-sp/hard/crti.o
                0x0000000008007a80                _init
 .init          0x0000000008007a84        0x8 c:/st/stm32cubeide_1.5.1/stm32cubeide/plugins/com.st.stm32cube.ide.mcu.externaltools.gnu-tools-for-stm32.7-2018-q2-update.win32_1.5.0.202011040924/tools/bin/../lib/gcc/arm-none-eabi/7.3.1/thumb/v7e-m/fpv4-sp/hard/crtn.o
 *(.fini)
 .fini          0x0000000008007a8c        0x4 c:/st/stm32cubeide_1.5.1/stm32cubeide/plugins/com.st.stm32cube.ide.mcu.externaltools.gnu-tools-for-stm32.7-2018-q2-update.win32_1.5.0.202011040924/tools/bin/../lib/gcc/arm-none-eabi/7.3.1/thumb/v7e-m/fpv4-sp/hard/crti.o
                0x0000000008007a8c                _fini
 .fini          0x0000000008007a90        0x8 c:/st/stm32cubeide_1.5.1/stm32cubeide/plugins/com.st.stm32cube.ide.mcu.externaltools.gnu-tools-for-stm32.7-2018-q2-update.win32_1.5.0.202011040924/tools/bin/../lib/gcc/arm-none-eabi/7.3.1/thumb/v7e-m/fpv4-sp/hard/crtn.o
                0x0000000008007a98                . = ALIGN (0x4)
                0x0000000008007a98                _etext = .

.vfp11_veneer   0x0000000008007a98        0x0
 .vfp11_veneer  0x0000000008007a98        0x0 linker stubs

.v4_bx          0x0000000008007a98        0x0
 .v4_bx         0x0000000008007a98        0x0 linker stubs

.iplt           0x0000000008007a98        0x0
 .iplt          0x0000000008007a98        0x0 c:/st/stm32cubeide_1.5.1/stm32cubeide/plugins/com.st.stm32cube.ide.mcu.externaltools.gnu-tools-for-stm32.7-2018-q2-update.win32_1.5.0.202011040924/tools/bin/../lib/gcc/arm-none-eabi/7.3.1/thumb/v7e-m/fpv4-sp/hard/crtbegin.o

.rodata         0x0000000008007a98       0x1c
                0x0000000008007a98                . = ALIGN (0x4)
 *(.rodata)
 .rodata        0x0000000008007a98        0x4 Middlewares/ST/STM32_USB_Host_Library/Class/CDC/Src/usbh_cdc.o
 *(.rodata*)
 .rodata.AHBPrescTable
                0x0000000008007a9c       0x10 Core/Src/system_stm32f4xx.o
                0x0000000008007a9c                AHBPrescTable
 .rodata.APBPrescTable
                0x0000000008007aac        0x8 Core/Src/system_stm32f4xx.o
                0x0000000008007aac                APBPrescTable
                0x0000000008007ab4                . = ALIGN (0x4)

.ARM.extab      0x0000000008007ab4        0x0
                0x0000000008007ab4                . = ALIGN (0x4)
 *(.ARM.extab* .gnu.linkonce.armextab.*)
                0x0000000008007ab4                . = ALIGN (0x4)

.ARM            0x0000000008007ab4        0x8
                0x0000000008007ab4                . = ALIGN (0x4)
                0x0000000008007ab4                __exidx_start = .
 *(.ARM.exidx*)
 .ARM.exidx     0x0000000008007ab4        0x8 c:/st/stm32cubeide_1.5.1/stm32cubeide/plugins/com.st.stm32cube.ide.mcu.externaltools.gnu-tools-for-stm32.7-2018-q2-update.win32_1.5.0.202011040924/tools/bin/../lib/gcc/arm-none-eabi/7.3.1/thumb/v7e-m/fpv4-sp/hard\libgcc.a(_udivmoddi4.o)
                0x0000000008007abc                __exidx_end = .
                0x0000000008007abc                . = ALIGN (0x4)

.rel.dyn        0x0000000008007abc        0x0
 .rel.iplt      0x0000000008007abc        0x0 c:/st/stm32cubeide_1.5.1/stm32cubeide/plugins/com.st.stm32cube.ide.mcu.externaltools.gnu-tools-for-stm32.7-2018-q2-update.win32_1.5.0.202011040924/tools/bin/../lib/gcc/arm-none-eabi/7.3.1/thumb/v7e-m/fpv4-sp/hard/crtbegin.o

.preinit_array  0x0000000008007abc        0x0
                0x0000000008007abc                . = ALIGN (0x4)
                0x0000000008007abc                PROVIDE (__preinit_array_start = .)
 *(.preinit_array*)
                0x0000000008007abc                PROVIDE (__preinit_array_end = .)
                0x0000000008007abc                . = ALIGN (0x4)

.init_array     0x0000000008007abc        0x4
                0x0000000008007abc                . = ALIGN (0x4)
                0x0000000008007abc                PROVIDE (__init_array_start = .)
 *(SORT_BY_NAME(.init_array.*))
 *(.init_array*)
 .init_array    0x0000000008007abc        0x4 c:/st/stm32cubeide_1.5.1/stm32cubeide/plugins/com.st.stm32cube.ide.mcu.externaltools.gnu-tools-for-stm32.7-2018-q2-update.win32_1.5.0.202011040924/tools/bin/../lib/gcc/arm-none-eabi/7.3.1/thumb/v7e-m/fpv4-sp/hard/crtbegin.o
                0x0000000008007ac0                PROVIDE (__init_array_end = .)
                0x0000000008007ac0                . = ALIGN (0x4)

.fini_array     0x0000000008007ac0        0x4
                0x0000000008007ac0                . = ALIGN (0x4)
                [!provide]                        PROVIDE (__fini_array_start = .)
 *(SORT_BY_NAME(.fini_array.*))
 *(.fini_array*)
 .fini_array    0x0000000008007ac0        0x4 c:/st/stm32cubeide_1.5.1/stm32cubeide/plugins/com.st.stm32cube.ide.mcu.externaltools.gnu-tools-for-stm32.7-2018-q2-update.win32_1.5.0.202011040924/tools/bin/../lib/gcc/arm-none-eabi/7.3.1/thumb/v7e-m/fpv4-sp/hard/crtbegin.o
                [!provide]                        PROVIDE (__fini_array_end = .)
                0x0000000008007ac4                . = ALIGN (0x4)
                0x0000000008007ac4                _sidata = LOADADDR (.data)

.data           0x0000000020000000       0x90 load address 0x0000000008007ac4
                0x0000000020000000                . = ALIGN (0x4)
                0x0000000020000000                _sdata = .
 *(.data)
 *(.data*)
 .data.SystemCoreClock
                0x0000000020000000        0x4 Core/Src/system_stm32f4xx.o
                0x0000000020000000                SystemCoreClock
 .data.uwTickPrio
                0x0000000020000004        0x4 Drivers/STM32F4xx_HAL_Driver/Src/stm32f4xx_hal.o
                0x0000000020000004                uwTickPrio
 .data.uwTickFreq
                0x0000000020000008        0x1 Drivers/STM32F4xx_HAL_Driver/Src/stm32f4xx_hal.o
                0x0000000020000008                uwTickFreq
 *fill*         0x0000000020000009        0x3 
 .data.CDC_Class
                0x000000002000000c       0x20 Middlewares/ST/STM32_USB_Host_Library/Class/CDC/Src/usbh_cdc.o
                0x000000002000000c                CDC_Class
 .data._impure_ptr
                0x000000002000002c        0x4 c:/st/stm32cubeide_1.5.1/stm32cubeide/plugins/com.st.stm32cube.ide.mcu.externaltools.gnu-tools-for-stm32.7-2018-q2-update.win32_1.5.0.202011040924/tools/bin/../lib/gcc/arm-none-eabi/7.3.1/../../../../arm-none-eabi/lib/thumb/v7e-m/fpv4-sp/hard\libc_nano.a(lib_a-impure.o)
                0x000000002000002c                _impure_ptr
 .data.impure_data
                0x0000000020000030       0x60 c:/st/stm32cubeide_1.5.1/stm32cubeide/plugins/com.st.stm32cube.ide.mcu.externaltools.gnu-tools-for-stm32.7-2018-q2-update.win32_1.5.0.202011040924/tools/bin/../lib/gcc/arm-none-eabi/7.3.1/../../../../arm-none-eabi/lib/thumb/v7e-m/fpv4-sp/hard\libc_nano.a(lib_a-impure.o)
 *(.RamFunc)
 *(.RamFunc*)
                0x0000000020000090                . = ALIGN (0x4)
                0x0000000020000090                _edata = .

.igot.plt       0x0000000020000090        0x0 load address 0x0000000008007b54
 .igot.plt      0x0000000020000090        0x0 c:/st/stm32cubeide_1.5.1/stm32cubeide/plugins/com.st.stm32cube.ide.mcu.externaltools.gnu-tools-for-stm32.7-2018-q2-update.win32_1.5.0.202011040924/tools/bin/../lib/gcc/arm-none-eabi/7.3.1/thumb/v7e-m/fpv4-sp/hard/crtbegin.o
                0x0000000020000090                . = ALIGN (0x4)

.bss            0x0000000020000090      0x7cc load address 0x0000000008007b54
                0x0000000020000090                _sbss = .
                0x0000000020000090                __bss_start__ = _sbss
 *(.bss)
 .bss           0x0000000020000090       0x1c c:/st/stm32cubeide_1.5.1/stm32cubeide/plugins/com.st.stm32cube.ide.mcu.externaltools.gnu-tools-for-stm32.7-2018-q2-update.win32_1.5.0.202011040924/tools/bin/../lib/gcc/arm-none-eabi/7.3.1/thumb/v7e-m/fpv4-sp/hard/crtbegin.o
 *(.bss*)
 .bss.__sbrk_heap_end
                0x00000000200000ac        0x4 Core/Src/sysmem.o
 .bss.tmpreg.8437
                0x00000000200000b0        0x4 Drivers/STM32F4xx_HAL_Driver/Src/stm32f4xx_ll_usb.o
 .bss.Appli_state
                0x00000000200000b4        0x1 USB_HOST/App/usb_host.o
                0x00000000200000b4                Appli_state
 *fill*         0x00000000200000b5        0x3 
 .bss.__malloc_free_list
                0x00000000200000b8        0x4 c:/st/stm32cubeide_1.5.1/stm32cubeide/plugins/com.st.stm32cube.ide.mcu.externaltools.gnu-tools-for-stm32.7-2018-q2-update.win32_1.5.0.202011040924/tools/bin/../lib/gcc/arm-none-eabi/7.3.1/../../../../arm-none-eabi/lib/thumb/v7e-m/fpv4-sp/hard\libc_nano.a(lib_a-nano-mallocr.o)
                0x00000000200000b8                __malloc_free_list
 .bss.__malloc_sbrk_start
                0x00000000200000bc        0x4 c:/st/stm32cubeide_1.5.1/stm32cubeide/plugins/com.st.stm32cube.ide.mcu.externaltools.gnu-tools-for-stm32.7-2018-q2-update.win32_1.5.0.202011040924/tools/bin/../lib/gcc/arm-none-eabi/7.3.1/../../../../arm-none-eabi/lib/thumb/v7e-m/fpv4-sp/hard\libc_nano.a(lib_a-nano-mallocr.o)
                0x00000000200000bc                __malloc_sbrk_start
 *(COMMON)
 COMMON         0x00000000200000c0       0xf8 Core/Src/main.o
                0x00000000200000c0                hi2c1
                0x0000000020000114                I2C_DATA_BUFFER
                0x0000000020000118                hspi1
                0x0000000020000170                hi2s3
 COMMON         0x00000000200001b8        0x4 Drivers/STM32F4xx_HAL_Driver/Src/stm32f4xx_hal.o
                0x00000000200001b8                uwTick
 COMMON         0x00000000200001bc      0x3d8 USB_HOST/App/usb_host.o
                0x00000000200001bc                hUsbHostFS
 COMMON         0x0000000020000594      0x2c4 USB_HOST/Target/usbh_conf.o
                0x0000000020000594                hhcd_USB_OTG_FS
 COMMON         0x0000000020000858        0x4 c:/st/stm32cubeide_1.5.1/stm32cubeide/plugins/com.st.stm32cube.ide.mcu.externaltools.gnu-tools-for-stm32.7-2018-q2-update.win32_1.5.0.202011040924/tools/bin/../lib/gcc/arm-none-eabi/7.3.1/../../../../arm-none-eabi/lib/thumb/v7e-m/fpv4-sp/hard\libc_nano.a(lib_a-reent.o)
                0x0000000020000858                errno
                0x000000002000085c                . = ALIGN (0x4)
                0x000000002000085c                _ebss = .
                0x000000002000085c                __bss_end__ = _ebss

._user_heap_stack
                0x000000002000085c      0x604 load address 0x0000000008007b54
                0x0000000020000860                . = ALIGN (0x8)
 *fill*         0x000000002000085c        0x4 
                [!provide]                        PROVIDE (end = .)
                0x0000000020000860                PROVIDE (_end = .)
                0x0000000020000a60                . = (. + _Min_Heap_Size)
 *fill*         0x0000000020000860      0x200 
                0x0000000020000e60                . = (. + _Min_Stack_Size)
 *fill*         0x0000000020000a60      0x400 
                0x0000000020000e60                . = ALIGN (0x8)

/DISCARD/
 libc.a(*)
 libm.a(*)
 libgcc.a(*)

.ARM.attributes
                0x0000000000000000       0x30
 *(.ARM.attributes)
 .ARM.attributes
                0x0000000000000000       0x22 c:/st/stm32cubeide_1.5.1/stm32cubeide/plugins/com.st.stm32cube.ide.mcu.externaltools.gnu-tools-for-stm32.7-2018-q2-update.win32_1.5.0.202011040924/tools/bin/../lib/gcc/arm-none-eabi/7.3.1/thumb/v7e-m/fpv4-sp/hard/crti.o
 .ARM.attributes
                0x0000000000000022       0x34 c:/st/stm32cubeide_1.5.1/stm32cubeide/plugins/com.st.stm32cube.ide.mcu.externaltools.gnu-tools-for-stm32.7-2018-q2-update.win32_1.5.0.202011040924/tools/bin/../lib/gcc/arm-none-eabi/7.3.1/thumb/v7e-m/fpv4-sp/hard/crtbegin.o
 .ARM.attributes
                0x0000000000000056       0x39 Core/Src/main.o
 .ARM.attributes
                0x000000000000008f       0x39 Core/Src/stm32f4xx_hal_msp.o
 .ARM.attributes
                0x00000000000000c8       0x39 Core/Src/stm32f4xx_it.o
 .ARM.attributes
                0x0000000000000101       0x39 Core/Src/sysmem.o
 .ARM.attributes
                0x000000000000013a       0x39 Core/Src/system_stm32f4xx.o
 .ARM.attributes
                0x0000000000000173       0x21 Core/Startup/startup_stm32f407vgtx.o
 .ARM.attributes
                0x0000000000000194       0x39 Drivers/STM32F4xx_HAL_Driver/Src/stm32f4xx_hal.o
 .ARM.attributes
                0x00000000000001cd       0x39 Drivers/STM32F4xx_HAL_Driver/Src/stm32f4xx_hal_cortex.o
 .ARM.attributes
                0x0000000000000206       0x39 Drivers/STM32F4xx_HAL_Driver/Src/stm32f4xx_hal_gpio.o
 .ARM.attributes
                0x000000000000023f       0x39 Drivers/STM32F4xx_HAL_Driver/Src/stm32f4xx_hal_hcd.o
 .ARM.attributes
                0x0000000000000278       0x39 Drivers/STM32F4xx_HAL_Driver/Src/stm32f4xx_hal_i2c.o
 .ARM.attributes
                0x00000000000002b1       0x39 Drivers/STM32F4xx_HAL_Driver/Src/stm32f4xx_hal_i2s.o
 .ARM.attributes
                0x00000000000002ea       0x39 Drivers/STM32F4xx_HAL_Driver/Src/stm32f4xx_hal_i2s_ex.o
 .ARM.attributes
                0x0000000000000323       0x39 Drivers/STM32F4xx_HAL_Driver/Src/stm32f4xx_hal_rcc.o
 .ARM.attributes
                0x000000000000035c       0x39 Drivers/STM32F4xx_HAL_Driver/Src/stm32f4xx_hal_rcc_ex.o
 .ARM.attributes
                0x0000000000000395       0x39 Drivers/STM32F4xx_HAL_Driver/Src/stm32f4xx_hal_spi.o
 .ARM.attributes
                0x00000000000003ce       0x39 Drivers/STM32F4xx_HAL_Driver/Src/stm32f4xx_ll_usb.o
 .ARM.attributes
                0x0000000000000407       0x39 Middlewares/ST/STM32_USB_Host_Library/Class/CDC/Src/usbh_cdc.o
 .ARM.attributes
                0x0000000000000440       0x39 Middlewares/ST/STM32_USB_Host_Library/Core/Src/usbh_core.o
 .ARM.attributes
                0x0000000000000479       0x39 Middlewares/ST/STM32_USB_Host_Library/Core/Src/usbh_ctlreq.o
 .ARM.attributes
                0x00000000000004b2       0x39 Middlewares/ST/STM32_USB_Host_Library/Core/Src/usbh_ioreq.o
 .ARM.attributes
                0x00000000000004eb       0x39 Middlewares/ST/STM32_USB_Host_Library/Core/Src/usbh_pipes.o
 .ARM.attributes
                0x0000000000000524       0x39 USB_HOST/App/usb_host.o
 .ARM.attributes
                0x000000000000055d       0x39 USB_HOST/Target/usbh_conf.o
 .ARM.attributes
                0x0000000000000596       0x39 USB_HOST/Target/usbh_platform.o
 .ARM.attributes
                0x00000000000005cf       0x34 c:/st/stm32cubeide_1.5.1/stm32cubeide/plugins/com.st.stm32cube.ide.mcu.externaltools.gnu-tools-for-stm32.7-2018-q2-update.win32_1.5.0.202011040924/tools/bin/../lib/gcc/arm-none-eabi/7.3.1/../../../../arm-none-eabi/lib/thumb/v7e-m/fpv4-sp/hard\libc_nano.a(lib_a-errno.o)
 .ARM.attributes
                0x0000000000000603       0x34 c:/st/stm32cubeide_1.5.1/stm32cubeide/plugins/com.st.stm32cube.ide.mcu.externaltools.gnu-tools-for-stm32.7-2018-q2-update.win32_1.5.0.202011040924/tools/bin/../lib/gcc/arm-none-eabi/7.3.1/../../../../arm-none-eabi/lib/thumb/v7e-m/fpv4-sp/hard\libc_nano.a(lib_a-impure.o)
 .ARM.attributes
                0x0000000000000637       0x34 c:/st/stm32cubeide_1.5.1/stm32cubeide/plugins/com.st.stm32cube.ide.mcu.externaltools.gnu-tools-for-stm32.7-2018-q2-update.win32_1.5.0.202011040924/tools/bin/../lib/gcc/arm-none-eabi/7.3.1/../../../../arm-none-eabi/lib/thumb/v7e-m/fpv4-sp/hard\libc_nano.a(lib_a-init.o)
 .ARM.attributes
                0x000000000000066b       0x34 c:/st/stm32cubeide_1.5.1/stm32cubeide/plugins/com.st.stm32cube.ide.mcu.externaltools.gnu-tools-for-stm32.7-2018-q2-update.win32_1.5.0.202011040924/tools/bin/../lib/gcc/arm-none-eabi/7.3.1/../../../../arm-none-eabi/lib/thumb/v7e-m/fpv4-sp/hard\libc_nano.a(lib_a-malloc.o)
 .ARM.attributes
                0x000000000000069f       0x34 c:/st/stm32cubeide_1.5.1/stm32cubeide/plugins/com.st.stm32cube.ide.mcu.externaltools.gnu-tools-for-stm32.7-2018-q2-update.win32_1.5.0.202011040924/tools/bin/../lib/gcc/arm-none-eabi/7.3.1/../../../../arm-none-eabi/lib/thumb/v7e-m/fpv4-sp/hard\libc_nano.a(lib_a-memset.o)
 .ARM.attributes
                0x00000000000006d3       0x34 c:/st/stm32cubeide_1.5.1/stm32cubeide/plugins/com.st.stm32cube.ide.mcu.externaltools.gnu-tools-for-stm32.7-2018-q2-update.win32_1.5.0.202011040924/tools/bin/../lib/gcc/arm-none-eabi/7.3.1/../../../../arm-none-eabi/lib/thumb/v7e-m/fpv4-sp/hard\libc_nano.a(lib_a-nano-freer.o)
 .ARM.attributes
                0x0000000000000707       0x34 c:/st/stm32cubeide_1.5.1/stm32cubeide/plugins/com.st.stm32cube.ide.mcu.externaltools.gnu-tools-for-stm32.7-2018-q2-update.win32_1.5.0.202011040924/tools/bin/../lib/gcc/arm-none-eabi/7.3.1/../../../../arm-none-eabi/lib/thumb/v7e-m/fpv4-sp/hard\libc_nano.a(lib_a-nano-mallocr.o)
 .ARM.attributes
                0x000000000000073b       0x34 c:/st/stm32cubeide_1.5.1/stm32cubeide/plugins/com.st.stm32cube.ide.mcu.externaltools.gnu-tools-for-stm32.7-2018-q2-update.win32_1.5.0.202011040924/tools/bin/../lib/gcc/arm-none-eabi/7.3.1/../../../../arm-none-eabi/lib/thumb/v7e-m/fpv4-sp/hard\libc_nano.a(lib_a-sbrkr.o)
 .ARM.attributes
                0x000000000000076f       0x34 c:/st/stm32cubeide_1.5.1/stm32cubeide/plugins/com.st.stm32cube.ide.mcu.externaltools.gnu-tools-for-stm32.7-2018-q2-update.win32_1.5.0.202011040924/tools/bin/../lib/gcc/arm-none-eabi/7.3.1/../../../../arm-none-eabi/lib/thumb/v7e-m/fpv4-sp/hard\libc_nano.a(lib_a-mlock.o)
 .ARM.attributes
                0x00000000000007a3       0x34 c:/st/stm32cubeide_1.5.1/stm32cubeide/plugins/com.st.stm32cube.ide.mcu.externaltools.gnu-tools-for-stm32.7-2018-q2-update.win32_1.5.0.202011040924/tools/bin/../lib/gcc/arm-none-eabi/7.3.1/../../../../arm-none-eabi/lib/thumb/v7e-m/fpv4-sp/hard\libc_nano.a(lib_a-reent.o)
 .ARM.attributes
                0x00000000000007d7       0x22 c:/st/stm32cubeide_1.5.1/stm32cubeide/plugins/com.st.stm32cube.ide.mcu.externaltools.gnu-tools-for-stm32.7-2018-q2-update.win32_1.5.0.202011040924/tools/bin/../lib/gcc/arm-none-eabi/7.3.1/thumb/v7e-m/fpv4-sp/hard\libgcc.a(_aeabi_uldivmod.o)
 .ARM.attributes
                0x00000000000007f9       0x34 c:/st/stm32cubeide_1.5.1/stm32cubeide/plugins/com.st.stm32cube.ide.mcu.externaltools.gnu-tools-for-stm32.7-2018-q2-update.win32_1.5.0.202011040924/tools/bin/../lib/gcc/arm-none-eabi/7.3.1/thumb/v7e-m/fpv4-sp/hard\libgcc.a(_udivmoddi4.o)
 .ARM.attributes
                0x000000000000082d       0x22 c:/st/stm32cubeide_1.5.1/stm32cubeide/plugins/com.st.stm32cube.ide.mcu.externaltools.gnu-tools-for-stm32.7-2018-q2-update.win32_1.5.0.202011040924/tools/bin/../lib/gcc/arm-none-eabi/7.3.1/thumb/v7e-m/fpv4-sp/hard\libgcc.a(_dvmd_tls.o)
 .ARM.attributes
                0x000000000000084f       0x22 c:/st/stm32cubeide_1.5.1/stm32cubeide/plugins/com.st.stm32cube.ide.mcu.externaltools.gnu-tools-for-stm32.7-2018-q2-update.win32_1.5.0.202011040924/tools/bin/../lib/gcc/arm-none-eabi/7.3.1/thumb/v7e-m/fpv4-sp/hard/crtn.o
OUTPUT(STM32F407-I2C_slave_test.elf elf32-littlearm)

.debug_info     0x0000000000000000    0x187e8
 .debug_info    0x0000000000000000     0x1205 Core/Src/main.o
 .debug_info    0x0000000000001205      0xf0a Core/Src/stm32f4xx_hal_msp.o
 .debug_info    0x000000000000210f      0x6b4 Core/Src/stm32f4xx_it.o
 .debug_info    0x00000000000027c3      0x985 Core/Src/sysmem.o
 .debug_info    0x0000000000003148      0x554 Core/Src/system_stm32f4xx.o
 .debug_info    0x000000000000369c       0x22 Core/Startup/startup_stm32f407vgtx.o
 .debug_info    0x00000000000036be      0x945 Drivers/STM32F4xx_HAL_Driver/Src/stm32f4xx_hal.o
 .debug_info    0x0000000000004003      0xe28 Drivers/STM32F4xx_HAL_Driver/Src/stm32f4xx_hal_cortex.o
 .debug_info    0x0000000000004e2b      0x7b5 Drivers/STM32F4xx_HAL_Driver/Src/stm32f4xx_hal_gpio.o
 .debug_info    0x00000000000055e0      0xe5f Drivers/STM32F4xx_HAL_Driver/Src/stm32f4xx_hal_hcd.o
 .debug_info    0x000000000000643f     0x2426 Drivers/STM32F4xx_HAL_Driver/Src/stm32f4xx_hal_i2c.o
 .debug_info    0x0000000000008865      0xe5e Drivers/STM32F4xx_HAL_Driver/Src/stm32f4xx_hal_i2s.o
 .debug_info    0x00000000000096c3      0xb76 Drivers/STM32F4xx_HAL_Driver/Src/stm32f4xx_hal_i2s_ex.o
 .debug_info    0x000000000000a239      0x904 Drivers/STM32F4xx_HAL_Driver/Src/stm32f4xx_hal_rcc.o
 .debug_info    0x000000000000ab3d      0x5ae Drivers/STM32F4xx_HAL_Driver/Src/stm32f4xx_hal_rcc_ex.o
 .debug_info    0x000000000000b0eb     0x163a Drivers/STM32F4xx_HAL_Driver/Src/stm32f4xx_hal_spi.o
 .debug_info    0x000000000000c725     0x18dd Drivers/STM32F4xx_HAL_Driver/Src/stm32f4xx_ll_usb.o
 .debug_info    0x000000000000e002     0x1ad3 Middlewares/ST/STM32_USB_Host_Library/Class/CDC/Src/usbh_cdc.o
 .debug_info    0x000000000000fad5     0x16b2 Middlewares/ST/STM32_USB_Host_Library/Core/Src/usbh_core.o
 .debug_info    0x0000000000011187     0x1772 Middlewares/ST/STM32_USB_Host_Library/Core/Src/usbh_ctlreq.o
 .debug_info    0x00000000000128f9     0x14df Middlewares/ST/STM32_USB_Host_Library/Core/Src/usbh_ioreq.o
 .debug_info    0x0000000000013dd8     0x1321 Middlewares/ST/STM32_USB_Host_Library/Core/Src/usbh_pipes.o
 .debug_info    0x00000000000150f9     0x1275 USB_HOST/App/usb_host.o
 .debug_info    0x000000000001636e     0x2200 USB_HOST/Target/usbh_conf.o
 .debug_info    0x000000000001856e      0x27a USB_HOST/Target/usbh_platform.o

.debug_abbrev   0x0000000000000000     0x3562
 .debug_abbrev  0x0000000000000000      0x214 Core/Src/main.o
 .debug_abbrev  0x0000000000000214      0x1b5 Core/Src/stm32f4xx_hal_msp.o
 .debug_abbrev  0x00000000000003c9      0x164 Core/Src/stm32f4xx_it.o
 .debug_abbrev  0x000000000000052d      0x19b Core/Src/sysmem.o
 .debug_abbrev  0x00000000000006c8      0x12b Core/Src/system_stm32f4xx.o
 .debug_abbrev  0x00000000000007f3       0x12 Core/Startup/startup_stm32f407vgtx.o
 .debug_abbrev  0x0000000000000805      0x1c7 Drivers/STM32F4xx_HAL_Driver/Src/stm32f4xx_hal.o
 .debug_abbrev  0x00000000000009cc      0x2fa Drivers/STM32F4xx_HAL_Driver/Src/stm32f4xx_hal_cortex.o
 .debug_abbrev  0x0000000000000cc6      0x1c9 Drivers/STM32F4xx_HAL_Driver/Src/stm32f4xx_hal_gpio.o
 .debug_abbrev  0x0000000000000e8f      0x255 Drivers/STM32F4xx_HAL_Driver/Src/stm32f4xx_hal_hcd.o
 .debug_abbrev  0x00000000000010e4      0x254 Drivers/STM32F4xx_HAL_Driver/Src/stm32f4xx_hal_i2c.o
 .debug_abbrev  0x0000000000001338      0x21b Drivers/STM32F4xx_HAL_Driver/Src/stm32f4xx_hal_i2s.o
 .debug_abbrev  0x0000000000001553      0x246 Drivers/STM32F4xx_HAL_Driver/Src/stm32f4xx_hal_i2s_ex.o
 .debug_abbrev  0x0000000000001799      0x245 Drivers/STM32F4xx_HAL_Driver/Src/stm32f4xx_hal_rcc.o
 .debug_abbrev  0x00000000000019de      0x173 Drivers/STM32F4xx_HAL_Driver/Src/stm32f4xx_hal_rcc_ex.o
 .debug_abbrev  0x0000000000001b51      0x240 Drivers/STM32F4xx_HAL_Driver/Src/stm32f4xx_hal_spi.o
 .debug_abbrev  0x0000000000001d91      0x26d Drivers/STM32F4xx_HAL_Driver/Src/stm32f4xx_ll_usb.o
 .debug_abbrev  0x0000000000001ffe      0x308 Middlewares/ST/STM32_USB_Host_Library/Class/CDC/Src/usbh_cdc.o
 .debug_abbrev  0x0000000000002306      0x362 Middlewares/ST/STM32_USB_Host_Library/Core/Src/usbh_core.o
 .debug_abbrev  0x0000000000002668      0x31b Middlewares/ST/STM32_USB_Host_Library/Core/Src/usbh_ctlreq.o
 .debug_abbrev  0x0000000000002983      0x279 Middlewares/ST/STM32_USB_Host_Library/Core/Src/usbh_ioreq.o
 .debug_abbrev  0x0000000000002bfc      0x2b1 Middlewares/ST/STM32_USB_Host_Library/Core/Src/usbh_pipes.o
 .debug_abbrev  0x0000000000002ead      0x268 USB_HOST/App/usb_host.o
 .debug_abbrev  0x0000000000003115      0x349 USB_HOST/Target/usbh_conf.o
 .debug_abbrev  0x000000000000345e      0x104 USB_HOST/Target/usbh_platform.o

.debug_aranges  0x0000000000000000     0x1130
 .debug_aranges
                0x0000000000000000       0x78 Core/Src/main.o
 .debug_aranges
                0x0000000000000078       0x50 Core/Src/stm32f4xx_hal_msp.o
 .debug_aranges
                0x00000000000000c8       0x68 Core/Src/stm32f4xx_it.o
 .debug_aranges
                0x0000000000000130       0x20 Core/Src/sysmem.o
 .debug_aranges
                0x0000000000000150       0x28 Core/Src/system_stm32f4xx.o
 .debug_aranges
                0x0000000000000178       0x28 Core/Startup/startup_stm32f407vgtx.o
 .debug_aranges
                0x00000000000001a0       0xf0 Drivers/STM32F4xx_HAL_Driver/Src/stm32f4xx_hal.o
 .debug_aranges
                0x0000000000000290      0x118 Drivers/STM32F4xx_HAL_Driver/Src/stm32f4xx_hal_cortex.o
 .debug_aranges
                0x00000000000003a8       0x58 Drivers/STM32F4xx_HAL_Driver/Src/stm32f4xx_hal_gpio.o
 .debug_aranges
                0x0000000000000400       0xf8 Drivers/STM32F4xx_HAL_Driver/Src/stm32f4xx_hal_hcd.o
 .debug_aranges
                0x00000000000004f8      0x2a0 Drivers/STM32F4xx_HAL_Driver/Src/stm32f4xx_hal_i2c.o
 .debug_aranges
                0x0000000000000798      0x108 Drivers/STM32F4xx_HAL_Driver/Src/stm32f4xx_hal_i2s.o
 .debug_aranges
                0x00000000000008a0       0x88 Drivers/STM32F4xx_HAL_Driver/Src/stm32f4xx_hal_i2s_ex.o
 .debug_aranges
                0x0000000000000928       0x88 Drivers/STM32F4xx_HAL_Driver/Src/stm32f4xx_hal_rcc.o
 .debug_aranges
                0x00000000000009b0       0x48 Drivers/STM32F4xx_HAL_Driver/Src/stm32f4xx_hal_rcc_ex.o
 .debug_aranges
                0x00000000000009f8      0x1d0 Drivers/STM32F4xx_HAL_Driver/Src/stm32f4xx_hal_spi.o
 .debug_aranges
                0x0000000000000bc8      0x198 Drivers/STM32F4xx_HAL_Driver/Src/stm32f4xx_ll_usb.o
 .debug_aranges
                0x0000000000000d60       0xa8 Middlewares/ST/STM32_USB_Host_Library/Class/CDC/Src/usbh_cdc.o
 .debug_aranges
                0x0000000000000e08       0xc0 Middlewares/ST/STM32_USB_Host_Library/Core/Src/usbh_core.o
 .debug_aranges
                0x0000000000000ec8       0xa0 Middlewares/ST/STM32_USB_Host_Library/Core/Src/usbh_ctlreq.o
 .debug_aranges
                0x0000000000000f68       0x60 Middlewares/ST/STM32_USB_Host_Library/Core/Src/usbh_ioreq.o
 .debug_aranges
                0x0000000000000fc8       0x40 Middlewares/ST/STM32_USB_Host_Library/Core/Src/usbh_pipes.o
 .debug_aranges
                0x0000000000001008       0x30 USB_HOST/App/usb_host.o
 .debug_aranges
                0x0000000000001038       0xd8 USB_HOST/Target/usbh_conf.o
 .debug_aranges
                0x0000000000001110       0x20 USB_HOST/Target/usbh_platform.o

.debug_ranges   0x0000000000000000      0xfd0
 .debug_ranges  0x0000000000000000       0x68 Core/Src/main.o
 .debug_ranges  0x0000000000000068       0x40 Core/Src/stm32f4xx_hal_msp.o
 .debug_ranges  0x00000000000000a8       0x58 Core/Src/stm32f4xx_it.o
 .debug_ranges  0x0000000000000100       0x10 Core/Src/sysmem.o
 .debug_ranges  0x0000000000000110       0x18 Core/Src/system_stm32f4xx.o
 .debug_ranges  0x0000000000000128       0x20 Core/Startup/startup_stm32f407vgtx.o
 .debug_ranges  0x0000000000000148       0xe0 Drivers/STM32F4xx_HAL_Driver/Src/stm32f4xx_hal.o
 .debug_ranges  0x0000000000000228      0x108 Drivers/STM32F4xx_HAL_Driver/Src/stm32f4xx_hal_cortex.o
 .debug_ranges  0x0000000000000330       0x48 Drivers/STM32F4xx_HAL_Driver/Src/stm32f4xx_hal_gpio.o
 .debug_ranges  0x0000000000000378       0xe8 Drivers/STM32F4xx_HAL_Driver/Src/stm32f4xx_hal_hcd.o
 .debug_ranges  0x0000000000000460      0x2b8 Drivers/STM32F4xx_HAL_Driver/Src/stm32f4xx_hal_i2c.o
 .debug_ranges  0x0000000000000718       0xf8 Drivers/STM32F4xx_HAL_Driver/Src/stm32f4xx_hal_i2s.o
 .debug_ranges  0x0000000000000810       0x78 Drivers/STM32F4xx_HAL_Driver/Src/stm32f4xx_hal_i2s_ex.o
 .debug_ranges  0x0000000000000888       0x78 Drivers/STM32F4xx_HAL_Driver/Src/stm32f4xx_hal_rcc.o
 .debug_ranges  0x0000000000000900       0x38 Drivers/STM32F4xx_HAL_Driver/Src/stm32f4xx_hal_rcc_ex.o
 .debug_ranges  0x0000000000000938      0x1c0 Drivers/STM32F4xx_HAL_Driver/Src/stm32f4xx_hal_spi.o
 .debug_ranges  0x0000000000000af8      0x188 Drivers/STM32F4xx_HAL_Driver/Src/stm32f4xx_ll_usb.o
 .debug_ranges  0x0000000000000c80       0x98 Middlewares/ST/STM32_USB_Host_Library/Class/CDC/Src/usbh_cdc.o
 .debug_ranges  0x0000000000000d18       0xb0 Middlewares/ST/STM32_USB_Host_Library/Core/Src/usbh_core.o
 .debug_ranges  0x0000000000000dc8       0x90 Middlewares/ST/STM32_USB_Host_Library/Core/Src/usbh_ctlreq.o
 .debug_ranges  0x0000000000000e58       0x50 Middlewares/ST/STM32_USB_Host_Library/Core/Src/usbh_ioreq.o
 .debug_ranges  0x0000000000000ea8       0x30 Middlewares/ST/STM32_USB_Host_Library/Core/Src/usbh_pipes.o
 .debug_ranges  0x0000000000000ed8       0x20 USB_HOST/App/usb_host.o
 .debug_ranges  0x0000000000000ef8       0xc8 USB_HOST/Target/usbh_conf.o
 .debug_ranges  0x0000000000000fc0       0x10 USB_HOST/Target/usbh_platform.o

.debug_macro    0x0000000000000000    0x238cf
 .debug_macro   0x0000000000000000      0x249 Core/Src/main.o
 .debug_macro   0x0000000000000249      0xa5a Core/Src/main.o
 .debug_macro   0x0000000000000ca3      0x2a0 Core/Src/main.o
 .debug_macro   0x0000000000000f43       0x2e Core/Src/main.o
 .debug_macro   0x0000000000000f71       0x2f Core/Src/main.o
 .debug_macro   0x0000000000000fa0       0x22 Core/Src/main.o
 .debug_macro   0x0000000000000fc2       0x8e Core/Src/main.o
 .debug_macro   0x0000000000001050       0x51 Core/Src/main.o
 .debug_macro   0x00000000000010a1       0xef Core/Src/main.o
 .debug_macro   0x0000000000001190       0x6a Core/Src/main.o
 .debug_macro   0x00000000000011fa      0x1df Core/Src/main.o
 .debug_macro   0x00000000000013d9       0x1c Core/Src/main.o
 .debug_macro   0x00000000000013f5       0x22 Core/Src/main.o
 .debug_macro   0x0000000000001417       0xdf Core/Src/main.o
 .debug_macro   0x00000000000014f6     0x102d Core/Src/main.o
 .debug_macro   0x0000000000002523      0x11f Core/Src/main.o
 .debug_macro   0x0000000000002642    0x15e3c Core/Src/main.o
 .debug_macro   0x000000000001847e       0x43 Core/Src/main.o
 .debug_macro   0x00000000000184c1     0x3659 Core/Src/main.o
 .debug_macro   0x000000000001bb1a      0x174 Core/Src/main.o
 .debug_macro   0x000000000001bc8e       0x5a Core/Src/main.o
 .debug_macro   0x000000000001bce8      0x96b Core/Src/main.o
 .debug_macro   0x000000000001c653      0x9fe Core/Src/main.o
 .debug_macro   0x000000000001d051      0x117 Core/Src/main.o
 .debug_macro   0x000000000001d168      0x13e Core/Src/main.o
 .debug_macro   0x000000000001d2a6       0x27 Core/Src/main.o
 .debug_macro   0x000000000001d2cd      0x174 Core/Src/main.o
 .debug_macro   0x000000000001d441      0x287 Core/Src/main.o
 .debug_macro   0x000000000001d6c8       0x5f Core/Src/main.o
 .debug_macro   0x000000000001d727      0x236 Core/Src/main.o
 .debug_macro   0x000000000001d95d      0x12c Core/Src/main.o
 .debug_macro   0x000000000001da89      0x21e Core/Src/main.o
 .debug_macro   0x000000000001dca7       0x2e Core/Src/main.o
 .debug_macro   0x000000000001dcd5      0x1b5 Core/Src/main.o
 .debug_macro   0x000000000001de8a       0xd6 Core/Src/main.o
 .debug_macro   0x000000000001df60      0x1a7 Core/Src/main.o
 .debug_macro   0x000000000001e107       0x46 Core/Src/main.o
 .debug_macro   0x000000000001e14d       0x4a Core/Src/main.o
 .debug_macro   0x000000000001e197      0x11a Core/Src/main.o
 .debug_macro   0x000000000001e2b1       0x7e Core/Src/main.o
 .debug_macro   0x000000000001e32f       0x89 Core/Src/main.o
 .debug_macro   0x000000000001e3b8      0x225 Core/Src/main.o
 .debug_macro   0x000000000001e5dd      0x21e Core/Src/main.o
 .debug_macro   0x000000000001e7fb       0x68 Core/Src/main.o
 .debug_macro   0x000000000001e863      0x12d Core/Src/main.o
 .debug_macro   0x000000000001e990      0x178 Core/Src/main.o
 .debug_macro   0x000000000001eb08      0x215 Core/Src/stm32f4xx_hal_msp.o
 .debug_macro   0x000000000001ed1d      0x21f Core/Src/stm32f4xx_it.o
 .debug_macro   0x000000000001ef3c       0xee Core/Src/sysmem.o
 .debug_macro   0x000000000001f02a      0x23b Core/Src/sysmem.o
 .debug_macro   0x000000000001f265      0x20c Core/Src/system_stm32f4xx.o
 .debug_macro   0x000000000001f471      0x266 Drivers/STM32F4xx_HAL_Driver/Src/stm32f4xx_hal.o
 .debug_macro   0x000000000001f6d7      0x206 Drivers/STM32F4xx_HAL_Driver/Src/stm32f4xx_hal_cortex.o
 .debug_macro   0x000000000001f8dd      0x23c Drivers/STM32F4xx_HAL_Driver/Src/stm32f4xx_hal_gpio.o
 .debug_macro   0x000000000001fb19      0x206 Drivers/STM32F4xx_HAL_Driver/Src/stm32f4xx_hal_hcd.o
 .debug_macro   0x000000000001fd1f      0x24d Drivers/STM32F4xx_HAL_Driver/Src/stm32f4xx_hal_i2c.o
 .debug_macro   0x000000000001ff6c      0x20e Drivers/STM32F4xx_HAL_Driver/Src/stm32f4xx_hal_i2s.o
 .debug_macro   0x000000000002017a      0x206 Drivers/STM32F4xx_HAL_Driver/Src/stm32f4xx_hal_i2s_ex.o
 .debug_macro   0x0000000000020380      0x22a Drivers/STM32F4xx_HAL_Driver/Src/stm32f4xx_hal_rcc.o
 .debug_macro   0x00000000000205aa      0x206 Drivers/STM32F4xx_HAL_Driver/Src/stm32f4xx_hal_rcc_ex.o
 .debug_macro   0x00000000000207b0      0x215 Drivers/STM32F4xx_HAL_Driver/Src/stm32f4xx_hal_spi.o
 .debug_macro   0x00000000000209c5      0x206 Drivers/STM32F4xx_HAL_Driver/Src/stm32f4xx_ll_usb.o
 .debug_macro   0x0000000000020bcb      0x42b Middlewares/ST/STM32_USB_Host_Library/Class/CDC/Src/usbh_cdc.o
 .debug_macro   0x0000000000020ff6       0x16 Middlewares/ST/STM32_USB_Host_Library/Class/CDC/Src/usbh_cdc.o
 .debug_macro   0x000000000002100c       0x97 Middlewares/ST/STM32_USB_Host_Library/Class/CDC/Src/usbh_cdc.o
 .debug_macro   0x00000000000210a3       0xfd Middlewares/ST/STM32_USB_Host_Library/Class/CDC/Src/usbh_cdc.o
 .debug_macro   0x00000000000211a0       0x16 Middlewares/ST/STM32_USB_Host_Library/Class/CDC/Src/usbh_cdc.o
 .debug_macro   0x00000000000211b6       0x20 Middlewares/ST/STM32_USB_Host_Library/Class/CDC/Src/usbh_cdc.o
 .debug_macro   0x00000000000211d6       0xd9 Middlewares/ST/STM32_USB_Host_Library/Class/CDC/Src/usbh_cdc.o
 .debug_macro   0x00000000000212af       0x54 Middlewares/ST/STM32_USB_Host_Library/Class/CDC/Src/usbh_cdc.o
 .debug_macro   0x0000000000021303       0x73 Middlewares/ST/STM32_USB_Host_Library/Class/CDC/Src/usbh_cdc.o
 .debug_macro   0x0000000000021376      0x218 Middlewares/ST/STM32_USB_Host_Library/Class/CDC/Src/usbh_cdc.o
 .debug_macro   0x000000000002158e       0x2e Middlewares/ST/STM32_USB_Host_Library/Class/CDC/Src/usbh_cdc.o
 .debug_macro   0x00000000000215bc       0x2e Middlewares/ST/STM32_USB_Host_Library/Class/CDC/Src/usbh_cdc.o
 .debug_macro   0x00000000000215ea       0x28 Middlewares/ST/STM32_USB_Host_Library/Class/CDC/Src/usbh_cdc.o
 .debug_macro   0x0000000000021612      0x15c Middlewares/ST/STM32_USB_Host_Library/Class/CDC/Src/usbh_cdc.o
 .debug_macro   0x000000000002176e      0x428 Middlewares/ST/STM32_USB_Host_Library/Core/Src/usbh_core.o
 .debug_macro   0x0000000000021b96      0x420 Middlewares/ST/STM32_USB_Host_Library/Core/Src/usbh_ctlreq.o
 .debug_macro   0x0000000000021fb6       0x28 Middlewares/ST/STM32_USB_Host_Library/Core/Src/usbh_ctlreq.o
 .debug_macro   0x0000000000021fde      0x41a Middlewares/ST/STM32_USB_Host_Library/Core/Src/usbh_ioreq.o
 .debug_macro   0x00000000000223f8      0x41a Middlewares/ST/STM32_USB_Host_Library/Core/Src/usbh_pipes.o
 .debug_macro   0x0000000000022812      0x429 USB_HOST/App/usb_host.o
 .debug_macro   0x0000000000022c3b       0x46 USB_HOST/App/usb_host.o
 .debug_macro   0x0000000000022c81      0x32a USB_HOST/App/usb_host.o
 .debug_macro   0x0000000000022fab      0x17e USB_HOST/App/usb_host.o
 .debug_macro   0x0000000000023129      0x162 USB_HOST/App/usb_host.o
 .debug_macro   0x000000000002328b      0x42a USB_HOST/Target/usbh_conf.o
 .debug_macro   0x00000000000236b5      0x21a USB_HOST/Target/usbh_platform.o

.debug_line     0x0000000000000000    0x11026
 .debug_line    0x0000000000000000      0x8af Core/Src/main.o
 .debug_line    0x00000000000008af      0x7b5 Core/Src/stm32f4xx_hal_msp.o
 .debug_line    0x0000000000001064      0x7d8 Core/Src/stm32f4xx_it.o
 .debug_line    0x000000000000183c      0x4c7 Core/Src/sysmem.o
 .debug_line    0x0000000000001d03      0x739 Core/Src/system_stm32f4xx.o
 .debug_line    0x000000000000243c       0x85 Core/Startup/startup_stm32f407vgtx.o
 .debug_line    0x00000000000024c1      0x923 Drivers/STM32F4xx_HAL_Driver/Src/stm32f4xx_hal.o
 .debug_line    0x0000000000002de4      0xa47 Drivers/STM32F4xx_HAL_Driver/Src/stm32f4xx_hal_cortex.o
 .debug_line    0x000000000000382b      0x902 Drivers/STM32F4xx_HAL_Driver/Src/stm32f4xx_hal_gpio.o
 .debug_line    0x000000000000412d      0xbbe Drivers/STM32F4xx_HAL_Driver/Src/stm32f4xx_hal_hcd.o
 .debug_line    0x0000000000004ceb     0x1bd1 Drivers/STM32F4xx_HAL_Driver/Src/stm32f4xx_hal_i2c.o
 .debug_line    0x00000000000068bc      0xdbf Drivers/STM32F4xx_HAL_Driver/Src/stm32f4xx_hal_i2s.o
 .debug_line    0x000000000000767b      0xeed Drivers/STM32F4xx_HAL_Driver/Src/stm32f4xx_hal_i2s_ex.o
 .debug_line    0x0000000000008568      0x97b Drivers/STM32F4xx_HAL_Driver/Src/stm32f4xx_hal_rcc.o
 .debug_line    0x0000000000008ee3      0x844 Drivers/STM32F4xx_HAL_Driver/Src/stm32f4xx_hal_rcc_ex.o
 .debug_line    0x0000000000009727     0x10df Drivers/STM32F4xx_HAL_Driver/Src/stm32f4xx_hal_spi.o
 .debug_line    0x000000000000a806      0xe4e Drivers/STM32F4xx_HAL_Driver/Src/stm32f4xx_ll_usb.o
 .debug_line    0x000000000000b654      0xc98 Middlewares/ST/STM32_USB_Host_Library/Class/CDC/Src/usbh_cdc.o
 .debug_line    0x000000000000c2ec      0xdc3 Middlewares/ST/STM32_USB_Host_Library/Core/Src/usbh_core.o
 .debug_line    0x000000000000d0af      0xcaa Middlewares/ST/STM32_USB_Host_Library/Core/Src/usbh_ctlreq.o
 .debug_line    0x000000000000dd59      0xab0 Middlewares/ST/STM32_USB_Host_Library/Core/Src/usbh_ioreq.o
 .debug_line    0x000000000000e809      0xa68 Middlewares/ST/STM32_USB_Host_Library/Core/Src/usbh_pipes.o
 .debug_line    0x000000000000f271      0xa69 USB_HOST/App/usb_host.o
 .debug_line    0x000000000000fcda      0xc02 USB_HOST/Target/usbh_conf.o
 .debug_line    0x00000000000108dc      0x74a USB_HOST/Target/usbh_platform.o

.debug_str      0x0000000000000000    0xcaee3
 .debug_str     0x0000000000000000    0xc0341 Core/Src/main.o
                                      0xc0681 (size before relaxing)
 .debug_str     0x00000000000c0341       0x9c Core/Src/stm32f4xx_hal_msp.o
                                      0xc032f (size before relaxing)
 .debug_str     0x00000000000c03dd      0x43d Core/Src/stm32f4xx_it.o
                                      0xbfe0f (size before relaxing)
 .debug_str     0x00000000000c081a     0x2013 Core/Src/sysmem.o
                                       0x5f74 (size before relaxing)
 .debug_str     0x00000000000c282d       0xc4 Core/Src/system_stm32f4xx.o
                                      0xbf4e1 (size before relaxing)
 .debug_str     0x00000000000c28f1       0x36 Core/Startup/startup_stm32f407vgtx.o
                                         0x81 (size before relaxing)
 .debug_str     0x00000000000c2927      0xa5e Drivers/STM32F4xx_HAL_Driver/Src/stm32f4xx_hal.o
                                      0xbffae (size before relaxing)
 .debug_str     0x00000000000c3385      0x392 Drivers/STM32F4xx_HAL_Driver/Src/stm32f4xx_hal_cortex.o
                                      0xbfd9d (size before relaxing)
 .debug_str     0x00000000000c3717      0x20c Drivers/STM32F4xx_HAL_Driver/Src/stm32f4xx_hal_gpio.o
                                      0xbf720 (size before relaxing)
 .debug_str     0x00000000000c3923      0x3da Drivers/STM32F4xx_HAL_Driver/Src/stm32f4xx_hal_hcd.o
                                      0xbfb53 (size before relaxing)
 .debug_str     0x00000000000c3cfd      0xa08 Drivers/STM32F4xx_HAL_Driver/Src/stm32f4xx_hal_i2c.o
                                      0xc044e (size before relaxing)
 .debug_str     0x00000000000c4705      0x27c Drivers/STM32F4xx_HAL_Driver/Src/stm32f4xx_hal_i2s.o
                                      0xbfa95 (size before relaxing)
 .debug_str     0x00000000000c4981      0x1f1 Drivers/STM32F4xx_HAL_Driver/Src/stm32f4xx_hal_i2s_ex.o
                                      0xbf9d3 (size before relaxing)
 .debug_str     0x00000000000c4b72      0x24e Drivers/STM32F4xx_HAL_Driver/Src/stm32f4xx_hal_rcc.o
                                      0xbf8ce (size before relaxing)
 .debug_str     0x00000000000c4dc0      0x113 Drivers/STM32F4xx_HAL_Driver/Src/stm32f4xx_hal_rcc_ex.o
                                      0xbf616 (size before relaxing)
 .debug_str     0x00000000000c4ed3      0x520 Drivers/STM32F4xx_HAL_Driver/Src/stm32f4xx_hal_spi.o
                                      0xbfd4f (size before relaxing)
 .debug_str     0x00000000000c53f3      0x626 Drivers/STM32F4xx_HAL_Driver/Src/stm32f4xx_ll_usb.o
                                      0xbfdb5 (size before relaxing)
 .debug_str     0x00000000000c5a19     0x4c2d Middlewares/ST/STM32_USB_Host_Library/Class/CDC/Src/usbh_cdc.o
                                      0xc61ba (size before relaxing)
 .debug_str     0x00000000000ca646      0x266 Middlewares/ST/STM32_USB_Host_Library/Core/Src/usbh_core.o
                                      0xc56c0 (size before relaxing)
 .debug_str     0x00000000000ca8ac      0x222 Middlewares/ST/STM32_USB_Host_Library/Core/Src/usbh_ctlreq.o
                                      0xc56e4 (size before relaxing)
 .debug_str     0x00000000000caace       0xfe Middlewares/ST/STM32_USB_Host_Library/Core/Src/usbh_ioreq.o
                                      0xc555f (size before relaxing)
 .debug_str     0x00000000000cabcc       0x97 Middlewares/ST/STM32_USB_Host_Library/Core/Src/usbh_pipes.o
                                      0xc54e4 (size before relaxing)
 .debug_str     0x00000000000cac63       0xc7 USB_HOST/App/usb_host.o
                                      0xc5bd1 (size before relaxing)
 .debug_str     0x00000000000cad2a      0x186 USB_HOST/Target/usbh_conf.o
                                      0xc6215 (size before relaxing)
 .debug_str     0x00000000000caeb0       0x33 USB_HOST/Target/usbh_platform.o
                                      0xbf3f5 (size before relaxing)

.comment        0x0000000000000000       0x7b
 .comment       0x0000000000000000       0x7b Core/Src/main.o
                                         0x7c (size before relaxing)
 .comment       0x000000000000007b       0x7c Core/Src/stm32f4xx_hal_msp.o
 .comment       0x000000000000007b       0x7c Core/Src/stm32f4xx_it.o
 .comment       0x000000000000007b       0x7c Core/Src/sysmem.o
 .comment       0x000000000000007b       0x7c Core/Src/system_stm32f4xx.o
 .comment       0x000000000000007b       0x7c Drivers/STM32F4xx_HAL_Driver/Src/stm32f4xx_hal.o
 .comment       0x000000000000007b       0x7c Drivers/STM32F4xx_HAL_Driver/Src/stm32f4xx_hal_cortex.o
 .comment       0x000000000000007b       0x7c Drivers/STM32F4xx_HAL_Driver/Src/stm32f4xx_hal_gpio.o
 .comment       0x000000000000007b       0x7c Drivers/STM32F4xx_HAL_Driver/Src/stm32f4xx_hal_hcd.o
 .comment       0x000000000000007b       0x7c Drivers/STM32F4xx_HAL_Driver/Src/stm32f4xx_hal_i2c.o
 .comment       0x000000000000007b       0x7c Drivers/STM32F4xx_HAL_Driver/Src/stm32f4xx_hal_i2s.o
 .comment       0x000000000000007b       0x7c Drivers/STM32F4xx_HAL_Driver/Src/stm32f4xx_hal_i2s_ex.o
 .comment       0x000000000000007b       0x7c Drivers/STM32F4xx_HAL_Driver/Src/stm32f4xx_hal_rcc.o
 .comment       0x000000000000007b       0x7c Drivers/STM32F4xx_HAL_Driver/Src/stm32f4xx_hal_rcc_ex.o
 .comment       0x000000000000007b       0x7c Drivers/STM32F4xx_HAL_Driver/Src/stm32f4xx_hal_spi.o
 .comment       0x000000000000007b       0x7c Drivers/STM32F4xx_HAL_Driver/Src/stm32f4xx_ll_usb.o
 .comment       0x000000000000007b       0x7c Middlewares/ST/STM32_USB_Host_Library/Class/CDC/Src/usbh_cdc.o
 .comment       0x000000000000007b       0x7c Middlewares/ST/STM32_USB_Host_Library/Core/Src/usbh_core.o
 .comment       0x000000000000007b       0x7c Middlewares/ST/STM32_USB_Host_Library/Core/Src/usbh_ctlreq.o
 .comment       0x000000000000007b       0x7c Middlewares/ST/STM32_USB_Host_Library/Core/Src/usbh_ioreq.o
 .comment       0x000000000000007b       0x7c Middlewares/ST/STM32_USB_Host_Library/Core/Src/usbh_pipes.o
 .comment       0x000000000000007b       0x7c USB_HOST/App/usb_host.o
 .comment       0x000000000000007b       0x7c USB_HOST/Target/usbh_conf.o
 .comment       0x000000000000007b       0x7c USB_HOST/Target/usbh_platform.o

.debug_frame    0x0000000000000000     0x4874
 .debug_frame   0x0000000000000000      0x194 Core/Src/main.o
 .debug_frame   0x0000000000000194      0x10c Core/Src/stm32f4xx_hal_msp.o
 .debug_frame   0x00000000000002a0      0x120 Core/Src/stm32f4xx_it.o
 .debug_frame   0x00000000000003c0       0x34 Core/Src/sysmem.o
 .debug_frame   0x00000000000003f4       0x58 Core/Src/system_stm32f4xx.o
 .debug_frame   0x000000000000044c      0x374 Drivers/STM32F4xx_HAL_Driver/Src/stm32f4xx_hal.o
 .debug_frame   0x00000000000007c0      0x498 Drivers/STM32F4xx_HAL_Driver/Src/stm32f4xx_hal_cortex.o
 .debug_frame   0x0000000000000c58      0x14c Drivers/STM32F4xx_HAL_Driver/Src/stm32f4xx_hal_gpio.o
 .debug_frame   0x0000000000000da4      0x44c Drivers/STM32F4xx_HAL_Driver/Src/stm32f4xx_hal_hcd.o